Component: ARM Compiler 5.06 update 6 (build 750) Tool: armlink [4d35ed]

==============================================================================

Section Cross References

    mspi_quad_example.o(i.main) refers to am_hal_clkgen.o(i.am_hal_clkgen_control) for am_hal_clkgen_control
    mspi_quad_example.o(i.main) refers to am_bsp.o(i.am_bsp_low_power_init) for am_bsp_low_power_init
    mspi_quad_example.o(i.main) refers to am_bsp.o(i.am_bsp_itm_printf_enable) for am_bsp_itm_printf_enable
    mspi_quad_example.o(i.main) refers to am_util_stdio.o(i.am_util_stdio_terminal_clear) for am_util_stdio_terminal_clear
    mspi_quad_example.o(i.main) refers to am_util_stdio.o(i.am_util_stdio_printf) for am_util_stdio_printf
    mspi_quad_example.o(i.main) refers to am_devices_mspi_flash.o(i.am_devices_mspi_flash_init) for am_devices_mspi_flash_init
    mspi_quad_example.o(i.main) refers to am_devices_mspi_flash.o(i.am_devices_mspi_flash_id) for am_devices_mspi_flash_id
    mspi_quad_example.o(i.main) refers to am_devices_mspi_flash.o(i.am_devices_mspi_flash_sector_erase) for am_devices_mspi_flash_sector_erase
    mspi_quad_example.o(i.main) refers to am_devices_mspi_flash.o(i.am_devices_mspi_flash_enable) for am_devices_mspi_flash_enable
    mspi_quad_example.o(i.main) refers to am_devices_mspi_flash.o(i.am_devices_mspi_flash_disable_xip) for am_devices_mspi_flash_disable_xip
    mspi_quad_example.o(i.main) refers to am_devices_mspi_flash.o(i.am_devices_mspi_flash_write) for am_devices_mspi_flash_write
    mspi_quad_example.o(i.main) refers to am_devices_mspi_flash.o(i.am_devices_mspi_flash_read) for am_devices_mspi_flash_read
    mspi_quad_example.o(i.main) refers to am_devices_mspi_flash.o(i.am_devices_mspi_flash_mass_erase) for am_devices_mspi_flash_mass_erase
    mspi_quad_example.o(i.main) refers to am_devices_mspi_flash.o(i.am_devices_mspi_flash_deinit) for am_devices_mspi_flash_deinit
    mspi_quad_example.o(i.main) refers to am_hal_sysctrl.o(i.am_hal_sysctrl_sleep) for am_hal_sysctrl_sleep
    mspi_quad_example.o(i.main) refers to mspi_quad_example.o(.constdata) for MSPI_Flash_Serial_CE0_MSPIConfig
    mspi_quad_example.o(i.main) refers to mspi_quad_example.o(.bss) for g_SectorTXBuffer
    mspi_quad_example.o(.constdata) refers to mspi_quad_example.o(.bss) for DMATCBBuffer
    am_devices_fireball.o(i.am_devices_fireball_control) refers to am_devices_fireball.o(i.fireball_init) for fireball_init
    am_devices_fireball.o(i.am_devices_fireball_control) refers to am_devices_fireball.o(i.fireball_deinit) for fireball_deinit
    am_devices_fireball.o(i.am_devices_fireball_control) refers to am_devices_fireball.o(i.fireball_id_get) for fireball_id_get
    am_devices_fireball.o(i.am_devices_fireball_control) refers to am_devices_fireball.o(i.device_reset) for device_reset
    am_devices_fireball.o(i.am_devices_fireball_control) refers to am_devices_fireball.o(.data) for g_ui32FireballID
    am_devices_fireball.o(i.am_devices_fireball_control) refers to am_devices_fireball.o(i.fireball_set) for fireball_set
    am_devices_fireball.o(i.device_reset) refers to am_devices_fireball.o(i.fireball_write_cmd) for fireball_write_cmd
    am_devices_fireball.o(i.device_reset) refers to am_hal_flash.o(i.am_hal_flash_delay) for am_hal_flash_delay
    am_devices_fireball.o(i.fireball_deinit) refers to am_hal_iom.o(i.am_hal_iom_uninitialize) for am_hal_iom_uninitialize
    am_devices_fireball.o(i.fireball_deinit) refers to am_hal_gpio.o(i.am_hal_gpio_pinconfig) for am_hal_gpio_pinconfig
    am_devices_fireball.o(i.fireball_deinit) refers to am_devices_fireball.o(.data) for g_pIOM5Handle
    am_devices_fireball.o(i.fireball_deinit) refers to am_hal_gpio.o(.constdata) for g_AM_HAL_GPIO_DISABLE
    am_devices_fireball.o(i.fireball_id_get) refers to am_hal_iom.o(i.am_hal_iom_blocking_transfer) for am_hal_iom_blocking_transfer
    am_devices_fireball.o(i.fireball_id_get) refers to am_devices_fireball.o(.data) for g_sFireballReadIDTransaction
    am_devices_fireball.o(i.fireball_init) refers to am_hal_iom.o(i.am_hal_iom_initialize) for am_hal_iom_initialize
    am_devices_fireball.o(i.fireball_init) refers to am_hal_iom.o(i.am_hal_iom_power_ctrl) for am_hal_iom_power_ctrl
    am_devices_fireball.o(i.fireball_init) refers to am_hal_iom.o(i.am_hal_iom_configure) for am_hal_iom_configure
    am_devices_fireball.o(i.fireball_init) refers to am_hal_iom.o(i.am_hal_iom_enable) for am_hal_iom_enable
    am_devices_fireball.o(i.fireball_init) refers to am_hal_gpio.o(i.am_hal_gpio_pinconfig) for am_hal_gpio_pinconfig
    am_devices_fireball.o(i.fireball_init) refers to am_devices_fireball.o(i.fireball_id_get) for fireball_id_get
    am_devices_fireball.o(i.fireball_init) refers to am_devices_fireball.o(.data) for g_pIOM5Handle
    am_devices_fireball.o(i.fireball_init) refers to am_devices_fireball.o(.constdata) for g_FireballIOM5Config
[...]
    ../am_hal_pwrctrl.c                      0x00000000   Number         0  am_hal_pwrctrl.o ABSOLUTE
    ../am_hal_queue.c                        0x00000000   Number         0  am_hal_queue.o ABSOLUTE
    ../am_hal_reset.c                        0x00000000   Number         0  am_hal_reset.o ABSOLUTE
    ../am_hal_rtc.c                          0x00000000   Number         0  am_hal_rtc.o ABSOLUTE
    ../am_hal_sysctrl.c                      0x00000000   Number         0  am_hal_sysctrl.o ABSOLUTE
    ../am_hal_tpiu.c                         0x00000000   Number         0  am_hal_tpiu.o ABSOLUTE
    ../am_hal_uart.c                         0x00000000   Number         0  am_hal_uart.o ABSOLUTE
    ../clib/angel/boardlib.s                 0x00000000   Number         0  boardinit2.o ABSOLUTE
    ../clib/angel/boardlib.s                 0x00000000   Number         0  boardshut.o ABSOLUTE
    ../clib/angel/boardlib.s                 0x00000000   Number         0  boardinit1.o ABSOLUTE
    ../clib/angel/boardlib.s                 0x00000000   Number         0  boardinit3.o ABSOLUTE
    ../clib/angel/handlers.s                 0x00000000   Number         0  __scatter_copy.o ABSOLUTE
    ../clib/angel/handlers.s                 0x00000000   Number         0  __scatter_zi.o ABSOLUTE
    ../clib/angel/kernel.s                   0x00000000   Number         0  __rtentry.o ABSOLUTE
    ../clib/angel/kernel.s                   0x00000000   Number         0  rtexit2.o ABSOLUTE
    ../clib/angel/kernel.s                   0x00000000   Number         0  rtexit.o ABSOLUTE
    ../clib/angel/kernel.s                   0x00000000   Number         0  __rtentry4.o ABSOLUTE
    ../clib/angel/kernel.s                   0x00000000   Number         0  __rtentry2.o ABSOLUTE
    ../clib/angel/rt.s                       0x00000000   Number         0  rt_raise.o ABSOLUTE
    ../clib/angel/scatter.s                  0x00000000   Number         0  __scatter.o ABSOLUTE
    ../clib/angel/startup.s                  0x00000000   Number         0  __main.o ABSOLUTE
    ../clib/angel/sys.s                      0x00000000   Number         0  use_no_semi.o ABSOLUTE
    ../clib/angel/sys.s                      0x00000000   Number         0  indicate_semi.o ABSOLUTE
    ../clib/angel/sys.s                      0x00000000   Number         0  sys_stackheap_outer.o ABSOLUTE
    ../clib/angel/sys.s                      0x00000000   Number         0  libspace.o ABSOLUTE
    ../clib/angel/sysapp.c                   0x00000000   Number         0  sys_wrch.o ABSOLUTE
    ../clib/angel/sysapp.c                   0x00000000   Number         0  sys_exit.o ABSOLUTE
    ../clib/angel/sysapp.c                   0x00000000   Number         0  sys_command.o ABSOLUTE
    ../clib/armsys.c                         0x00000000   Number         0  argv_veneer.o ABSOLUTE
    ../clib/armsys.c                         0x00000000   Number         0  no_argv.o ABSOLUTE
    ../clib/armsys.c                         0x00000000   Number         0  argv_veneer.o ABSOLUTE
    ../clib/armsys.c                         0x00000000   Number         0  _get_argv_nomalloc.o ABSOLUTE
    ../clib/heapalloc.c                      0x00000000   Number         0  hrguard.o ABSOLUTE
    ../clib/heapaux.c                        0x00000000   Number         0  heapauxi.o ABSOLUTE
    ../clib/libinit.s                        0x00000000   Number         0  libinit.o ABSOLUTE
    ../clib/libinit.s                        0x00000000   Number         0  libinit2.o ABSOLUTE
    ../clib/libinit.s                        0x00000000   Number         0  libshutdown2.o ABSOLUTE
    ../clib/libinit.s                        0x00000000   Number         0  libshutdown.o ABSOLUTE
    ../clib/longlong.s                       0x00000000   Number         0  llushr.o ABSOLUTE
    ../clib/longlong.s                       0x00000000   Number         0  llshl.o ABSOLUTE
    ../clib/memcpset.s                       0x00000000   Number         0  rt_memcpy_w.o ABSOLUTE
    ../clib/memcpset.s                       0x00000000   Number         0  rt_memclr_w.o ABSOLUTE
    ../clib/signal.c                         0x00000000   Number         0  defsig_other.o ABSOLUTE
    ../clib/signal.c                         0x00000000   Number         0  defsig_segv_inner.o ABSOLUTE
    ../clib/signal.c                         0x00000000   Number         0  defsig_rtred_inner.o ABSOLUTE
    ../clib/signal.c                         0x00000000   Number         0  defsig_pvfn_inner.o ABSOLUTE
    ../clib/signal.c                         0x00000000   Number         0  defsig_rtmem_inner.o ABSOLUTE
    ../clib/signal.c                         0x00000000   Number         0  defsig_rtmem_outer.o ABSOLUTE
    ../clib/signal.c                         0x00000000   Number         0  defsig_rtmem_formal.o ABSOLUTE
    ../clib/signal.c                         0x00000000   Number         0  defsig_exit.o ABSOLUTE
    ../clib/signal.c                         0x00000000   Number         0  defsig_cppl_inner.o ABSOLUTE
    ../clib/signal.c                         0x00000000   Number         0  __raise.o ABSOLUTE
    ../clib/signal.c                         0x00000000   Number         0  defsig_general.o ABSOLUTE
    ../clib/signal.c                         0x00000000   Number         0  defsig_abrt_inner.o ABSOLUTE
    ../clib/signal.c                         0x00000000   Number         0  defsig_stak_inner.o ABSOLUTE
    ../clib/signal.c                         0x00000000   Number         0  defsig_fpe_inner.o ABSOLUTE
    ../clib/signal.s                         0x00000000   Number         0  defsig.o ABSOLUTE
    ../clib/stdlib.c                         0x00000000   Number         0  exit.o ABSOLUTE
    ../fplib/d2f.s                           0x00000000   Number         0  d2f.o ABSOLUTE
    ../fplib/dnaninf.s                       0x00000000   Number         0  dnaninf.o ABSOLUTE
    ../fplib/fpinit.s                        0x00000000   Number         0  fpinit.o ABSOLUTE
    ../fplib/fretinf.s                       0x00000000   Number         0  fretinf.o ABSOLUTE
    ../fplib/usenofp.s                       0x00000000   Number         0  usenofp.o ABSOLUTE
    ../src/mspi_quad_example.c               0x00000000   Number         0  mspi_quad_example.o ABSOLUTE
    ..\..\..\..\..\devices\am_devices_fireball.c 0x00000000   Number         0  am_devices_fireball.o ABSOLUTE
    ..\..\..\..\..\devices\am_devices_mspi_flash.c 0x00000000   Number         0  am_devices_mspi_flash.o ABSOLUTE
    ..\..\..\..\..\utils\am_util_delay.c     0x00000000   Number         0  am_util_delay.o ABSOLUTE
    ..\..\..\..\..\utils\am_util_faultisr.c  0x00000000   Number         0  am_util_faultisr.o ABSOLUTE
    ..\am_bsp.c                              0x00000000   Number         0  am_bsp.o ABSOLUTE
    ..\am_bsp_pins.c                         0x00000000   Number         0  am_bsp_pins.o ABSOLUTE
    ..\am_hal_cachectrl.c                    0x00000000   Number         0  am_hal_cachectrl.o ABSOLUTE
    ..\am_hal_clkgen.c                       0x00000000   Number         0  am_hal_clkgen.o ABSOLUTE
    ..\am_hal_cmdq.c                         0x00000000   Number         0  am_hal_cmdq.o ABSOLUTE
    ..\am_hal_flash.c                        0x00000000   Number         0  am_hal_flash.o ABSOLUTE
    ..\am_hal_global.c                       0x00000000   Number         0  am_hal_global.o ABSOLUTE
    ..\am_hal_gpio.c                         0x00000000   Number         0  am_hal_gpio.o ABSOLUTE
    ..\am_hal_interrupt.c                    0x00000000   Number         0  am_hal_interrupt.o ABSOLUTE
    ..\am_hal_iom.c                          0x00000000   Number         0  am_hal_iom.o ABSOLUTE
    ..\am_hal_itm.c                          0x00000000   Number         0  am_hal_itm.o ABSOLUTE
    ..\am_hal_mcuctrl.c                      0x00000000   Number         0  am_hal_mcuctrl.o ABSOLUTE
    ..\am_hal_mspi.c                         0x00000000   Number         0  am_hal_mspi.o ABSOLUTE
    ..\am_hal_pwrctrl.c                      0x00000000   Number         0  am_hal_pwrctrl.o ABSOLUTE
    ..\am_hal_queue.c                        0x00000000   Number         0  am_hal_queue.o ABSOLUTE
    ..\am_hal_reset.c                        0x00000000   Number         0  am_hal_reset.o ABSOLUTE
    ..\am_hal_rtc.c                          0x00000000   Number         0  am_hal_rtc.o ABSOLUTE
    ..\am_hal_sysctrl.c                      0x00000000   Number         0  am_hal_sysctrl.o ABSOLUTE
    ..\am_hal_tpiu.c                         0x00000000   Number         0  am_hal_tpiu.o ABSOLUTE
    ..\am_hal_uart.c                         0x00000000   Number         0  am_hal_uart.o ABSOLUTE
    ..\src\mspi_quad_example.c               0x00000000   Number         0  mspi_quad_example.o ABSOLUTE
    dc.s                                     0x00000000   Number         0  dc.o ABSOLUTE
    startup_keil.s                           0x00000000   Number         0  startup_keil.o ABSOLUTE
    RESET                                    0x0000c000   Section      312  startup_keil.o(RESET)
    $v0                                      0x0000c100   Number         0  startup_keil.o(RESET)
    !!!main                                  0x0000c138   Section        8  __main.o(!!!main)
    !!!scatter                               0x0000c140   Section       52  __scatter.o(!!!scatter)
    !!handler_copy                           0x0000c174   Section       26  __scatter_copy.o(!!handler_copy)
    !!handler_zi                             0x0000c190   Section       28  __scatter_zi.o(!!handler_zi)
    .ARM.Collect$$libinit$$00000000          0x0000c1ac   Section        2  libinit.o(.ARM.Collect$$libinit$$00000000)
    .ARM.Collect$$libinit$$00000001          0x0000c1ae   Section        4  libinit2.o(.ARM.Collect$$libinit$$00000001)
    .ARM.Collect$$libinit$$00000004          0x0000c1b2   Section        0  libinit2.o(.ARM.Collect$$libinit$$00000004)
    .ARM.Collect$$libinit$$0000000A          0x0000c1b2   Section        0  libinit2.o(.ARM.Collect$$libinit$$0000000A)
    .ARM.Collect$$libinit$$0000000C          0x0000c1b2   Section        0  libinit2.o(.ARM.Collect$$libinit$$0000000C)
    .ARM.Collect$$libinit$$0000000E          0x0000c1b2   Section        0  libinit2.o(.ARM.Collect$$libinit$$0000000E)
    .ARM.Collect$$libinit$$00000011          0x0000c1b2   Section        0  libinit2.o(.ARM.Collect$$libinit$$00000011)
    .ARM.Collect$$libinit$$00000013          0x0000c1b2   Section        0  libinit2.o(.ARM.Collect$$libinit$$00000013)
    .ARM.Collect$$libinit$$00000015          0x0000c1b2   Section        0  libinit2.o(.ARM.Collect$$libinit$$00000015)
    .ARM.Collect$$libinit$$00000017          0x0000c1b2   Section        0  libinit2.o(.ARM.Collect$$libinit$$00000017)
    .ARM.Collect$$libinit$$00000019          0x0000c1b2   Section        0  libinit2.o(.ARM.Collect$$libinit$$00000019)
    .ARM.Collect$$libinit$$0000001B          0x0000c1b2   Section        0  libinit2.o(.ARM.Collect$$libinit$$0000001B)
    .ARM.Collect$$libinit$$0000001D          0x0000c1b2   Section        0  libinit2.o(.ARM.Collect$$libinit$$0000001D)
    .ARM.Collect$$libinit$$0000001F          0x0000c1b2   Section        0  libinit2.o(.ARM.Collect$$libinit$$0000001F)
    .ARM.Collect$$libinit$$00000021          0x0000c1b2   Section        0  libinit2.o(.ARM.Collect$$libinit$$00000021)
    .ARM.Collect$$libinit$$00000023          0x0000c1b2   Section        0  libinit2.o(.ARM.Collect$$libinit$$00000023)
    .ARM.Collect$$libinit$$00000025          0x0000c1b2   Section        0  libinit2.o(.ARM.Collect$$libinit$$00000025)
    .ARM.Collect$$libinit$$0000002C          0x0000c1b2   Section        0  libinit2.o(.ARM.Collect$$libinit$$0000002C)
    .ARM.Collect$$libinit$$0000002E          0x0000c1b2   Section        0  libinit2.o(.ARM.Collect$$libinit$$0000002E)
    .ARM.Collect$$libinit$$00000030          0x0000c1b2   Section        0  libinit2.o(.ARM.Collect$$libinit$$00000030)
    .ARM.Collect$$libinit$$00000032          0x0000c1b2   Section        0  libinit2.o(.ARM.Collect$$libinit$$00000032)
    .ARM.Collect$$libinit$$00000033          0x0000c1b2   Section        2  libinit2.o(.ARM.Collect$$libinit$$00000033)
    .ARM.Collect$$libshutdown$$00000000      0x0000c1b4   Section        2  libshutdown.o(.ARM.Collect$$libshutdown$$00000000)
    .ARM.Collect$$libshutdown$$00000002      0x0000c1b6   Section        0  libshutdown2.o(.ARM.Collect$$libshutdown$$00000002)
    .ARM.Collect$$libshutdown$$00000004      0x0000c1b6   Section        0  libshutdown2.o(.ARM.Collect$$libshutdown$$00000004)
    .ARM.Collect$$libshutdown$$00000007      0x0000c1b6   Section        0  libshutdown2.o(.ARM.Collect$$libshutdown$$00000007)
    .ARM.Collect$$libshutdown$$0000000A      0x0000c1b6   Section        0  libshutdown2.o(.ARM.Collect$$libshutdown$$0000000A)
    .ARM.Collect$$libshutdown$$0000000C      0x0000c1b6   Section        0  libshutdown2.o(.ARM.Collect$$libshutdown$$0000000C)
    .ARM.Collect$$libshutdown$$0000000F      0x0000c1b6   Section        0  libshutdown2.o(.ARM.Collect$$libshutdown$$0000000F)
    .ARM.Collect$$libshutdown$$00000010      0x0000c1b6   Section        2  libshutdown2.o(.ARM.Collect$$libshutdown$$00000010)
    .ARM.Collect$$rtentry$$00000000          0x0000c1b8   Section        0  __rtentry.o(.ARM.Collect$$rtentry$$00000000)
    .ARM.Collect$$rtentry$$00000002          0x0000c1b8   Section        0  __rtentry2.o(.ARM.Collect$$rtentry$$00000002)
    .ARM.Collect$$rtentry$$00000004          0x0000c1b8   Section        6  __rtentry4.o(.ARM.Collect$$rtentry$$00000004)
    .ARM.Collect$$rtentry$$00000009          0x0000c1be   Section        0  __rtentry2.o(.ARM.Collect$$rtentry$$00000009)
    .ARM.Collect$$rtentry$$0000000A          0x0000c1be   Section        4  __rtentry2.o(.ARM.Collect$$rtentry$$0000000A)
    .ARM.Collect$$rtentry$$0000000C          0x0000c1c2   Section        0  __rtentry2.o(.ARM.Collect$$rtentry$$0000000C)
    .ARM.Collect$$rtentry$$0000000D          0x0000c1c2   Section        8  __rtentry2.o(.ARM.Collect$$rtentry$$0000000D)
    .ARM.Collect$$rtexit$$00000000           0x0000c1ca   Section        2  rtexit.o(.ARM.Collect$$rtexit$$00000000)
    .ARM.Collect$$rtexit$$00000002           0x0000c1cc   Section        0  rtexit2.o(.ARM.Collect$$rtexit$$00000002)
    .ARM.Collect$$rtexit$$00000003           0x0000c1cc   Section        4  rtexit2.o(.ARM.Collect$$rtexit$$00000003)
    .ARM.Collect$$rtexit$$00000004           0x0000c1d0   Section        6  rtexit2.o(.ARM.Collect$$rtexit$$00000004)
    .emb_text                                0x0000c1d8   Section       34  am_util_faultisr.o(.emb_text)
    $v0                                      0x0000c1d8   Number         0  am_util_faultisr.o(.emb_text)
    .emb_text                                0x0000c1fc   Section       22  am_hal_interrupt.o(.emb_text)
    $v0                                      0x0000c1fc   Number         0  am_hal_interrupt.o(.emb_text)
    .text                                    0x0000c214   Section       24  startup_keil.o(.text)
    $v0                                      0x0000c214   Number         0  startup_keil.o(.text)
    .text                                    0x0000c22c   Section      100  rt_memcpy_w.o(.text)
    .text                                    0x0000c290   Section       78  rt_memclr_w.o(.text)
    .text                                    0x0000c2de   Section        0  heapauxi.o(.text)
    .text                                    0x0000c2e4   Section       74  sys_stackheap_outer.o(.text)
    .text                                    0x0000c32e   Section        0  exit.o(.text)
    .text                                    0x0000c340   Section        8  libspace.o(.text)
    .text                                    0x0000c348   Section        0  sys_exit.o(.text)
    .text                                    0x0000c354   Section        2  use_no_semi.o(.text)
    .text                                    0x0000c356   Section        0  indicate_semi.o(.text)
    i.ConfigGP23AsGpioOutputForPullHighHoldPin 0x0000c358   Section        0  am_devices_mspi_flash.o(i.ConfigGP23AsGpioOutputForPullHighHoldPin)
    ConfigGP23AsGpioOutputForPullHighHoldPin 0x0000c359   Thumb Code    30  am_devices_mspi_flash.o(i.ConfigGP23AsGpioOutputForPullHighHoldPin)
    i.ConfigGP4AsGpioOutputForPullHighWPPin  0x0000c37c   Section        0  am_devices_mspi_flash.o(i.ConfigGP4AsGpioOutputForPullHighWPPin)
    ConfigGP4AsGpioOutputForPullHighWPPin    0x0000c37d   Thumb Code    30  am_devices_mspi_flash.o(i.ConfigGP4AsGpioOutputForPullHighWPPin)
    i.__NVIC_EnableIRQ                       0x0000c3a0   Section        0  am_devices_mspi_flash.o(i.__NVIC_EnableIRQ)
    __NVIC_EnableIRQ                         0x0000c3a1   Thumb Code    26  am_devices_mspi_flash.o(i.__NVIC_EnableIRQ)
    i.am_bsp_itm_printf_enable               0x0000c3bc   Section        0  am_bsp.o(i.am_bsp_itm_printf_enable)
    i.am_bsp_low_power_init                  0x0000c3f8   Section        0  am_bsp.o(i.am_bsp_low_power_init)
    i.am_bsp_mspi_pins_enable                0x0000c43c   Section        0  am_bsp.o(i.am_bsp_mspi_pins_enable)
    i.am_device_command_read                 0x0000c640   Section        0  am_devices_mspi_flash.o(i.am_device_command_read)
    i.am_device_command_write                0x0000c6b0   Section        0  am_devices_mspi_flash.o(i.am_device_command_write)
    i.am_device_deinit_flash                 0x0000c71c   Section        0  am_devices_mspi_flash.o(i.am_device_deinit_flash)
    i.am_device_init_flash                   0x0000c770   Section        0  am_devices_mspi_flash.o(i.am_device_init_flash)
    i.am_devices_mspi_flash_deinit           0x0000ca8c   Section        0  am_devices_mspi_flash.o(i.am_devices_mspi_flash_deinit)
    i.am_devices_mspi_flash_disable_xip      0x0000cb8c   Section        0  am_devices_mspi_flash.o(i.am_devices_mspi_flash_disable_xip)
    i.am_devices_mspi_flash_enable           0x0000cbe0   Section        0  am_devices_mspi_flash.o(i.am_devices_mspi_flash_enable)
    i.am_devices_mspi_flash_id               0x0000cc1c   Section        0  am_devices_mspi_flash.o(i.am_devices_mspi_flash_id)
    i.am_devices_mspi_flash_init             0x0000cc6c   Section        0  am_devices_mspi_flash.o(i.am_devices_mspi_flash_init)
    i.am_devices_mspi_flash_mass_erase       0x0000cf30   Section        0  am_devices_mspi_flash.o(i.am_devices_mspi_flash_mass_erase)
    i.am_devices_mspi_flash_mode_switch      0x0000d074   Section        0  am_devices_mspi_flash.o(i.am_devices_mspi_flash_mode_switch)
    i.am_devices_mspi_flash_read             0x0000d100   Section        0  am_devices_mspi_flash.o(i.am_devices_mspi_flash_read)
    i.am_devices_mspi_flash_reset            0x0000d2c0   Section        0  am_devices_mspi_flash.o(i.am_devices_mspi_flash_reset)
    i.am_devices_mspi_flash_sector_erase     0x0000d2e8   Section        0  am_devices_mspi_flash.o(i.am_devices_mspi_flash_sector_erase)
    i.am_devices_mspi_flash_write            0x0000d3dc   Section        0  am_devices_mspi_flash.o(i.am_devices_mspi_flash_write)
    i.am_hal_cachectrl_control               0x0000d5f0   Section        0  am_hal_cachectrl.o(i.am_hal_cachectrl_control)
    i.am_hal_clkgen_control                  0x0000d8c0   Section        0  am_hal_clkgen.o(i.am_hal_clkgen_control)
    i.am_hal_clkgen_status_get               0x0000d9b8   Section        0  am_hal_clkgen.o(i.am_hal_clkgen_status_get)
    i.am_hal_cmdq_alloc_block                0x0000d9ec   Section        0  am_hal_cmdq.o(i.am_hal_cmdq_alloc_block)
    i.am_hal_cmdq_disable                    0x0000dab8   Section        0  am_hal_cmdq.o(i.am_hal_cmdq_disable)
    i.am_hal_cmdq_enable                     0x0000daf8   Section        0  am_hal_cmdq.o(i.am_hal_cmdq_enable)
    i.am_hal_cmdq_error_resume               0x0000db38   Section        0  am_hal_cmdq.o(i.am_hal_cmdq_error_resume)
    i.am_hal_cmdq_get_status                 0x0000dbac   Section        0  am_hal_cmdq.o(i.am_hal_cmdq_get_status)
    i.am_hal_cmdq_init                       0x0000dc50   Section        0  am_hal_cmdq.o(i.am_hal_cmdq_init)
    i.am_hal_cmdq_post_block                 0x0000dd40   Section        0  am_hal_cmdq.o(i.am_hal_cmdq_post_block)
    i.am_hal_cmdq_post_loop_block            0x0000dd8c   Section        0  am_hal_cmdq.o(i.am_hal_cmdq_post_loop_block)
    i.am_hal_cmdq_release_block              0x0000dde8   Section        0  am_hal_cmdq.o(i.am_hal_cmdq_release_block)
    i.am_hal_cmdq_reset                      0x0000de20   Section        0  am_hal_cmdq.o(i.am_hal_cmdq_reset)
    i.am_hal_cmdq_term                       0x0000de84   Section        0  am_hal_cmdq.o(i.am_hal_cmdq_term)
    i.am_hal_flash_delay                     0x0000df0c   Section        0  am_hal_flash.o(i.am_hal_flash_delay)
    i.am_hal_flash_delay_status_check        0x0000df30   Section        0  am_hal_flash.o(i.am_hal_flash_delay_status_check)
    i.am_hal_flash_load_ui32                 0x0000df8c   Section        0  am_hal_flash.o(i.am_hal_flash_load_ui32)
    i.am_hal_flash_store_ui32                0x0000df94   Section        0  am_hal_flash.o(i.am_hal_flash_store_ui32)
    i.am_hal_gpio_pinconfig                  0x0000dfbc   Section        0  am_hal_gpio.o(i.am_hal_gpio_pinconfig)
    i.am_hal_gpio_state_write                0x0000e23c   Section        0  am_hal_gpio.o(i.am_hal_gpio_state_write)
    i.am_hal_itm_enable                      0x0000e2bc   Section        0  am_hal_itm.o(i.am_hal_itm_enable)
    i.am_hal_itm_print                       0x0000e304   Section        0  am_hal_itm.o(i.am_hal_itm_print)
    i.am_hal_mcuctrl_control                 0x0000e334   Section        0  am_hal_mcuctrl.o(i.am_hal_mcuctrl_control)
    i.am_hal_mcuctrl_info_get                0x0000e488   Section        0  am_hal_mcuctrl.o(i.am_hal_mcuctrl_info_get)
    i.am_hal_mspi_blocking_transfer          0x0000e5c0   Section        0  am_hal_mspi.o(i.am_hal_mspi_blocking_transfer)
    i.am_hal_mspi_control                    0x0000e7a4   Section        0  am_hal_mspi.o(i.am_hal_mspi_control)
    i.am_hal_mspi_deinitialize               0x0000ed74   Section        0  am_hal_mspi.o(i.am_hal_mspi_deinitialize)
    i.am_hal_mspi_device_configure           0x0000edf4   Section        0  am_hal_mspi.o(i.am_hal_mspi_device_configure)
    i.am_hal_mspi_disable                    0x0000eff8   Section        0  am_hal_mspi.o(i.am_hal_mspi_disable)
    i.am_hal_mspi_enable                     0x0000f064   Section        0  am_hal_mspi.o(i.am_hal_mspi_enable)
    i.am_hal_mspi_initialize                 0x0000f100   Section        0  am_hal_mspi.o(i.am_hal_mspi_initialize)
    i.am_hal_mspi_interrupt_clear            0x0000f140   Section        0  am_hal_mspi.o(i.am_hal_mspi_interrupt_clear)
    i.am_hal_mspi_interrupt_disable          0x0000f16c   Section        0  am_hal_mspi.o(i.am_hal_mspi_interrupt_disable)
    i.am_hal_mspi_interrupt_enable           0x0000f1a0   Section        0  am_hal_mspi.o(i.am_hal_mspi_interrupt_enable)
    i.am_hal_mspi_interrupt_service          0x0000f1d4   Section        0  am_hal_mspi.o(i.am_hal_mspi_interrupt_service)
    i.am_hal_mspi_interrupt_status_get       0x0000f44c   Section        0  am_hal_mspi.o(i.am_hal_mspi_interrupt_status_get)
    i.am_hal_mspi_nonblocking_transfer       0x0000f488   Section        0  am_hal_mspi.o(i.am_hal_mspi_nonblocking_transfer)
    i.am_hal_mspi_power_control              0x0000f5ac   Section        0  am_hal_mspi.o(i.am_hal_mspi_power_control)
    i.am_hal_pwrctrl_low_power_init          0x0000f70c   Section        0  am_hal_pwrctrl.o(i.am_hal_pwrctrl_low_power_init)
    i.am_hal_pwrctrl_periph_disable          0x0000f810   Section        0  am_hal_pwrctrl.o(i.am_hal_pwrctrl_periph_disable)
    i.am_hal_pwrctrl_periph_enable           0x0000f860   Section        0  am_hal_pwrctrl.o(i.am_hal_pwrctrl_periph_enable)
    i.am_hal_rtc_osc_disable                 0x0000f8b0   Section        0  am_hal_rtc.o(i.am_hal_rtc_osc_disable)
    i.am_hal_sysctrl_sleep                   0x0000f8c4   Section        0  am_hal_sysctrl.o(i.am_hal_sysctrl_sleep)
    i.am_hal_tpiu_enable                     0x0000f930   Section        0  am_hal_tpiu.o(i.am_hal_tpiu_enable)
    i.am_mspi0_isr                           0x0000f9c0   Section        0  am_devices_mspi_flash.o(i.am_mspi0_isr)
    i.am_util_delay_ms                       0x0000f9f8   Section        0  am_util_delay.o(i.am_util_delay_ms)
    i.am_util_delay_us                       0x0000fa18   Section        0  am_util_delay.o(i.am_util_delay_us)
    i.am_util_faultisr_collect_data          0x0000fa3c   Section        0  am_util_faultisr.o(i.am_util_faultisr_collect_data)
    i.am_util_stdio_printf                   0x0000ff20   Section        0  am_util_stdio.o(i.am_util_stdio_printf)
    i.am_util_stdio_printf_init              0x0000ff5c   Section        0  am_util_stdio.o(i.am_util_stdio_printf_init)
    i.am_util_stdio_terminal_clear           0x0000ff68   Section        0  am_util_stdio.o(i.am_util_stdio_terminal_clear)
    i.am_util_stdio_vsprintf                 0x0000ff88   Section        0  am_util_stdio.o(i.am_util_stdio_vsprintf)
    i.build_dma_cmdlist                      0x0001033c   Section        0  am_hal_mspi.o(i.build_dma_cmdlist)
    i.decstr_to_int                          0x000104b4   Section        0  am_util_stdio.o(i.decstr_to_int)
    decstr_to_int                            0x000104b5   Thumb Code    66  am_util_stdio.o(i.decstr_to_int)
    i.divu64_10                              0x000104f6   Section        0  am_util_stdio.o(i.divu64_10)
    divu64_10                                0x000104f7   Thumb Code   204  am_util_stdio.o(i.divu64_10)
    i.ftoa                                   0x000105c4   Section        0  am_util_stdio.o(i.ftoa)
    ftoa                                     0x000105c5   Thumb Code   370  am_util_stdio.o(i.ftoa)
    i.main                                   0x0001073c   Section        0  mspi_quad_example.o(i.main)
    i.mspi_seq_loopback                      0x00010b48   Section        0  am_hal_mspi.o(i.mspi_seq_loopback)
    mspi_seq_loopback                        0x00010b49   Thumb Code    28  am_hal_mspi.o(i.mspi_seq_loopback)
    i.ndigits_in_hex                         0x00010b68   Section        0  am_util_stdio.o(i.ndigits_in_hex)
    ndigits_in_hex                           0x00010b69   Thumb Code    52  am_util_stdio.o(i.ndigits_in_hex)
    i.ndigits_in_i64                         0x00010b9c   Section        0  am_util_stdio.o(i.ndigits_in_i64)
    ndigits_in_i64                           0x00010b9d   Thumb Code    36  am_util_stdio.o(i.ndigits_in_i64)
    i.ndigits_in_u64                         0x00010bc0   Section        0  am_util_stdio.o(i.ndigits_in_u64)
    ndigits_in_u64                           0x00010bc1   Thumb Code    58  am_util_stdio.o(i.ndigits_in_u64)
    i.padbuffer                              0x00010bfa   Section        0  am_util_stdio.o(i.padbuffer)
    padbuffer                                0x00010bfb   Thumb Code    34  am_util_stdio.o(i.padbuffer)
    i.pfnMSPI_FLASH_Callback                 0x00010c1c   Section        0  am_devices_mspi_flash.o(i.pfnMSPI_FLASH_Callback)
    i.sched_hiprio                           0x00010c28   Section        0  am_hal_mspi.o(i.sched_hiprio)
    sched_hiprio                             0x00010c29   Thumb Code   220  am_hal_mspi.o(i.sched_hiprio)
    i.simple_strlen                          0x00010d10   Section        0  am_util_stdio.o(i.simple_strlen)
    simple_strlen                            0x00010d11   Thumb Code    24  am_util_stdio.o(i.simple_strlen)
    i.uint64_to_hexstr                       0x00010d28   Section        0  am_util_stdio.o(i.uint64_to_hexstr)
    uint64_to_hexstr                         0x00010d29   Thumb Code   138  am_util_stdio.o(i.uint64_to_hexstr)
    i.uint64_to_str                          0x00010db2   Section        0  am_util_stdio.o(i.uint64_to_str)
    uint64_to_str                            0x00010db3   Thumb Code   112  am_util_stdio.o(i.uint64_to_str)
    x$fpl$d2f                                0x00010e24   Section       98  d2f.o(x$fpl$d2f)
    $v0                                      0x00010e24   Number         0  d2f.o(x$fpl$d2f)
    x$fpl$dnaninf                            0x00010e86   Section      156  dnaninf.o(x$fpl$dnaninf)
    $v0                                      0x00010e86   Number         0  dnaninf.o(x$fpl$dnaninf)
    x$fpl$fpinit                             0x00010f22   Section       10  fpinit.o(x$fpl$fpinit)
    $v0                                      0x00010f22   Number         0  fpinit.o(x$fpl$fpinit)
    x$fpl$fretinf                            0x00010f2c   Section       10  fretinf.o(x$fpl$fretinf)
    $v0                                      0x00010f2c   Number         0  fretinf.o(x$fpl$fretinf)
    x$fpl$usenofp                            0x00010f36   Section        0  usenofp.o(x$fpl$usenofp)
    .constdata                               0x00010f38   Section       64  mspi_quad_example.o(.constdata)
    .constdata                               0x00010f78   Section       12  am_devices_mspi_flash.o(.constdata)
    mspi_interrupts                          0x00010f78   Data           1  am_devices_mspi_flash.o(.constdata)
    .constdata                               0x00010f84   Section        4  am_bsp_pins.o(.constdata)
    .constdata                               0x00010f88   Section        4  am_bsp_pins.o(.constdata)
    .constdata                               0x00010f8c   Section        4  am_bsp_pins.o(.constdata)
    .constdata                               0x00010f90   Section        4  am_bsp_pins.o(.constdata)
    .constdata                               0x00010f94   Section        4  am_bsp_pins.o(.constdata)
    .constdata                               0x00010f98   Section        4  am_bsp_pins.o(.constdata)
    .constdata                               0x00010f9c   Section        4  am_bsp_pins.o(.constdata)
    .constdata                               0x00010fa0   Section        4  am_bsp_pins.o(.constdata)
    .constdata                               0x00010fa4   Section        4  am_bsp_pins.o(.constdata)
    .constdata                               0x00010fa8   Section        4  am_bsp_pins.o(.constdata)
    .constdata                               0x00010fac   Section        4  am_bsp_pins.o(.constdata)
    .constdata                               0x00010fb0   Section        4  am_bsp_pins.o(.constdata)
    .constdata                               0x00010fb4   Section       12  am_hal_flash.o(.constdata)
    .constdata                               0x00010fc0   Section      354  am_hal_gpio.o(.constdata)
    g_ui8Inpen                               0x00010fc4   Data          50  am_hal_gpio.o(.constdata)
    g_ui8Bit76Capabilities                   0x00010ff6   Data          50  am_hal_gpio.o(.constdata)
    g_ui8nCEpins                             0x00011028   Data          50  am_hal_gpio.o(.constdata)
    g_ui8NCEtable                            0x0001105a   Data         200  am_hal_gpio.o(.constdata)
    .constdata                               0x00011124   Section        4  am_hal_gpio.o(.constdata)
    .constdata                               0x00011128   Section      128  am_hal_mcuctrl.o(.constdata)
    .constdata                               0x000111a8   Section      320  am_hal_cmdq.o(.constdata)
    gAmHalCmdQReg                            0x000111a8   Data         320  am_hal_cmdq.o(.constdata)
    .constdata                               0x000112e8   Section      540  am_hal_pwrctrl.o(.constdata)
    .conststring                             0x00011504   Section       68  am_devices_mspi_flash.o(.conststring)
    .data                                    0x10000000   Section      108  am_devices_mspi_flash.o(.data)
    .data                                    0x1000006c   Section        5  am_util_stdio.o(.data)
    g_bTxtXlate                              0x10000070   Data           1  am_util_stdio.o(.data)
    .data                                    0x10000074   Section        4  am_hal_global.o(.data)
    .data                                    0x10000078   Section       88  am_bsp.o(.data)
    g_ui32PrintInterface                     0x10000078   Data           4  am_bsp.o(.data)
    g_sCOMUART                               0x1000007c   Data           4  am_bsp.o(.data)
    g_sBspUartBufferedConfig                 0x100000a8   Data          40  am_bsp.o(.data)
    .data                                    0x100000d0   Section        4  am_hal_sysctrl.o(.data)
    g_ui32BusWriteFlush                      0x100000d0   Data           4  am_hal_sysctrl.o(.data)
    .data                                    0x100000d4   Section        4  am_hal_reset.o(.data)
    .bss                                     0x100000d8   Section    17536  mspi_quad_example.o(.bss)
    .bss                                     0x10004558   Section      184  am_devices_mspi_flash.o(.bss)
    .bss                                     0x10004610   Section      256  am_util_stdio.o(.bss)
    g_prfbuf                                 0x10004610   Data         256  am_util_stdio.o(.bss)
    .bss                                     0x10004710   Section     1024  am_bsp.o(.bss)
    pui8UartTxBuffer                         0x10004710   Data        1024  am_bsp.o(.bss)
    .bss                                     0x10004b10   Section     1024  am_bsp.o(.bss)
    pui8UartRxBuffer                         0x10004b10   Data        1024  am_bsp.o(.bss)
    .bss                                     0x10004f10   Section     2200  am_hal_mspi.o(.bss)
    .bss                                     0x100057a8   Section      352  am_hal_cmdq.o(.bss)
    gAmHalCmdq                               0x100057a8   Data         352  am_hal_cmdq.o(.bss)
    .bss                                     0x10005908   Section       96  libspace.o(.bss)
    HEAP                                     0x10005968   Section        0  startup_keil.o(HEAP)
    STACK                                    0x10005968   Section     4096  startup_keil.o(STACK)
    HeapMem                                  0x10005968   Data           0  startup_keil.o(HEAP)
    StackMem                                 0x10005968   Data           0  startup_keil.o(STACK)

    Global Symbols

    Symbol Name                              Value     Ov Type        Size  Object(Section)

    BuildAttributes$$THM_ISAv4$E$P$D$K$B$S$7EM$VFPi3$EXTD16$VFPS$VFMA$PE$A:L22UL41UL21$X:L11$S22US41US21$IEEE1$IW$USESV6$~STKCKD$USESV7$~SHL$OTIME$ROPI$EBA8$UX$STANDARDLIB$REQ8$PRES8$EABIv2 0x00000000   Number         0  anon$$obj.o ABSOLUTE
    __ARM_use_no_argv                        0x00000000   Number         0  mspi_quad_example.o ABSOLUTE
    __ARM_exceptions_init                     - Undefined Weak Reference
    __alloca_initialize                       - Undefined Weak Reference
    __arm_preinit_                            - Undefined Weak Reference
    __cpp_initialize__aeabi_                  - Undefined Weak Reference
    __cxa_finalize                            - Undefined Weak Reference
    __rt_locale                               - Undefined Weak Reference
    __sigvec_lookup                           - Undefined Weak Reference
    _atexit_init                              - Undefined Weak Reference
    _call_atexit_fns                          - Undefined Weak Reference
    _clock_init                               - Undefined Weak Reference
    _fp_trap_init                             - Undefined Weak Reference
    _fp_trap_shutdown                         - Undefined Weak Reference
    _get_lc_collate                           - Undefined Weak Reference
    _get_lc_ctype                             - Undefined Weak Reference
    _get_lc_monetary                          - Undefined Weak Reference
    _get_lc_numeric                           - Undefined Weak Reference
    _get_lc_time                              - Undefined Weak Reference
    _getenv_init                              - Undefined Weak Reference
    _handle_redirection                       - Undefined Weak Reference
    _init_alloc                               - Undefined Weak Reference
    _init_user_alloc                          - Undefined Weak Reference
    _initio                                   - Undefined Weak Reference
    _rand_init                                - Undefined Weak Reference
    _signal_finish                            - Undefined Weak Reference
    _signal_init                              - Undefined Weak Reference
    _terminate_alloc                          - Undefined Weak Reference
    _terminate_user_alloc                     - Undefined Weak Reference
    _terminateio                              - Undefined Weak Reference
    __Vectors                                0x0000c000   Data           0  startup_keil.o(RESET)
    __Patchable                              0x0000c0c0   Data           0  startup_keil.o(RESET)
    Reset_Handler                            0x0000c101   Thumb Code    28  startup_keil.o(RESET)
    NMI_Handler                              0x0000c11f   Thumb Code     2  startup_keil.o(RESET)
    MemManage_Handler                        0x0000c121   Thumb Code     2  startup_keil.o(RESET)
    BusFault_Handler                         0x0000c123   Thumb Code     2  startup_keil.o(RESET)
    UsageFault_Handler                       0x0000c125   Thumb Code     2  startup_keil.o(RESET)
    SecureFault_Handler                      0x0000c127   Thumb Code     2  startup_keil.o(RESET)
    SVC_Handler                              0x0000c129   Thumb Code     2  startup_keil.o(RESET)
    DebugMon_Handler                         0x0000c12b   Thumb Code     2  startup_keil.o(RESET)
    PendSV_Handler                           0x0000c12d   Thumb Code     2  startup_keil.o(RESET)
    SysTick_Handler                          0x0000c12f   Thumb Code     2  startup_keil.o(RESET)
    am_adc_isr                               0x0000c131   Thumb Code     0  startup_keil.o(RESET)
    am_ble_isr                               0x0000c131   Thumb Code     0  startup_keil.o(RESET)
    am_brownout_isr                          0x0000c131   Thumb Code     0  startup_keil.o(RESET)
    am_clkgen_isr                            0x0000c131   Thumb Code     0  startup_keil.o(RESET)
    am_ctimer_isr                            0x0000c131   Thumb Code     0  startup_keil.o(RESET)
    am_gpio_isr                              0x0000c131   Thumb Code     0  startup_keil.o(RESET)
    am_iomaster0_isr                         0x0000c131   Thumb Code     0  startup_keil.o(RESET)
    am_iomaster1_isr                         0x0000c131   Thumb Code     0  startup_keil.o(RESET)
    am_iomaster2_isr                         0x0000c131   Thumb Code     0  startup_keil.o(RESET)
    am_iomaster3_isr                         0x0000c131   Thumb Code     0  startup_keil.o(RESET)
    am_iomaster4_isr                         0x0000c131   Thumb Code     0  startup_keil.o(RESET)
    am_iomaster5_isr                         0x0000c131   Thumb Code     0  startup_keil.o(RESET)
    am_ioslave_acc_isr                       0x0000c131   Thumb Code     0  startup_keil.o(RESET)
    am_ioslave_ios_isr                       0x0000c131   Thumb Code     0  startup_keil.o(RESET)
    am_pdm0_isr                              0x0000c131   Thumb Code     0  startup_keil.o(RESET)
    am_rtc_isr                               0x0000c131   Thumb Code     0  startup_keil.o(RESET)
    am_scard_isr                             0x0000c131   Thumb Code     0  startup_keil.o(RESET)
    am_software0_isr                         0x0000c131   Thumb Code     0  startup_keil.o(RESET)
    am_stimer_cmpr0_isr                      0x0000c131   Thumb Code     0  startup_keil.o(RESET)
    am_stimer_cmpr1_isr                      0x0000c131   Thumb Code     0  startup_keil.o(RESET)
    am_stimer_cmpr2_isr                      0x0000c131   Thumb Code     0  startup_keil.o(RESET)
    am_stimer_cmpr3_isr                      0x0000c131   Thumb Code     0  startup_keil.o(RESET)
    am_stimer_cmpr4_isr                      0x0000c131   Thumb Code     0  startup_keil.o(RESET)
    am_stimer_cmpr5_isr                      0x0000c131   Thumb Code     0  startup_keil.o(RESET)
    am_stimer_cmpr6_isr                      0x0000c131   Thumb Code     0  startup_keil.o(RESET)
    am_stimer_cmpr7_isr                      0x0000c131   Thumb Code     0  startup_keil.o(RESET)
    am_stimer_isr                            0x0000c131   Thumb Code     0  startup_keil.o(RESET)
    am_uart0_isr                             0x0000c131   Thumb Code     0  startup_keil.o(RESET)
    am_uart1_isr                             0x0000c131   Thumb Code     0  startup_keil.o(RESET)
    am_uart_isr                              0x0000c131   Thumb Code     0  startup_keil.o(RESET)
    am_vcomp_isr                             0x0000c131   Thumb Code     0  startup_keil.o(RESET)
    am_watchdog_isr                          0x0000c131   Thumb Code     0  startup_keil.o(RESET)
    __main                                   0x0000c139   Thumb Code     8  __main.o(!!!main)
    __scatterload                            0x0000c141   Thumb Code     0  __scatter.o(!!!scatter)
    __scatterload_rt2                        0x0000c141   Thumb Code    44  __scatter.o(!!!scatter)
    __scatterload_rt2_thumb_only             0x0000c141   Thumb Code     0  __scatter.o(!!!scatter)
    __scatterload_null                       0x0000c14f   Thumb Code     0  __scatter.o(!!!scatter)
    __scatterload_copy                       0x0000c175   Thumb Code    26  __scatter_copy.o(!!handler_copy)
    __scatterload_zeroinit                   0x0000c191   Thumb Code    28  __scatter_zi.o(!!handler_zi)
    __rt_lib_init                            0x0000c1ad   Thumb Code     0  libinit.o(.ARM.Collect$$libinit$$00000000)
    __rt_lib_init_fp_1                       0x0000c1af   Thumb Code     0  libinit2.o(.ARM.Collect$$libinit$$00000001)
    __rt_lib_init_alloca_1                   0x0000c1b3   Thumb Code     0  libinit2.o(.ARM.Collect$$libinit$$0000002E)
    __rt_lib_init_argv_1                     0x0000c1b3   Thumb Code     0  libinit2.o(.ARM.Collect$$libinit$$0000002C)
    __rt_lib_init_atexit_1                   0x0000c1b3   Thumb Code     0  libinit2.o(.ARM.Collect$$libinit$$0000001B)
    __rt_lib_init_clock_1                    0x0000c1b3   Thumb Code     0  libinit2.o(.ARM.Collect$$libinit$$00000021)
    __rt_lib_init_cpp_1                      0x0000c1b3   Thumb Code     0  libinit2.o(.ARM.Collect$$libinit$$00000032)
    __rt_lib_init_exceptions_1               0x0000c1b3   Thumb Code     0  libinit2.o(.ARM.Collect$$libinit$$00000030)
    __rt_lib_init_fp_trap_1                  0x0000c1b3   Thumb Code     0  libinit2.o(.ARM.Collect$$libinit$$0000001F)
    __rt_lib_init_getenv_1                   0x0000c1b3   Thumb Code     0  libinit2.o(.ARM.Collect$$libinit$$00000023)
    __rt_lib_init_heap_1                     0x0000c1b3   Thumb Code     0  libinit2.o(.ARM.Collect$$libinit$$0000000A)
    __rt_lib_init_lc_collate_1               0x0000c1b3   Thumb Code     0  libinit2.o(.ARM.Collect$$libinit$$00000011)
    __rt_lib_init_lc_ctype_1                 0x0000c1b3   Thumb Code     0  libinit2.o(.ARM.Collect$$libinit$$00000013)
    __rt_lib_init_lc_monetary_1              0x0000c1b3   Thumb Code     0  libinit2.o(.ARM.Collect$$libinit$$00000015)
    __rt_lib_init_lc_numeric_1               0x0000c1b3   Thumb Code     0  libinit2.o(.ARM.Collect$$libinit$$00000017)
    __rt_lib_init_lc_time_1                  0x0000c1b3   Thumb Code     0  libinit2.o(.ARM.Collect$$libinit$$00000019)
    __rt_lib_init_preinit_1                  0x0000c1b3   Thumb Code     0  libinit2.o(.ARM.Collect$$libinit$$00000004)
    __rt_lib_init_rand_1                     0x0000c1b3   Thumb Code     0  libinit2.o(.ARM.Collect$$libinit$$0000000E)
    __rt_lib_init_return                     0x0000c1b3   Thumb Code     0  libinit2.o(.ARM.Collect$$libinit$$00000033)
    __rt_lib_init_signal_1                   0x0000c1b3   Thumb Code     0  libinit2.o(.ARM.Collect$$libinit$$0000001D)
    __rt_lib_init_stdio_1                    0x0000c1b3   Thumb Code     0  libinit2.o(.ARM.Collect$$libinit$$00000025)
    __rt_lib_init_user_alloc_1               0x0000c1b3   Thumb Code     0  libinit2.o(.ARM.Collect$$libinit$$0000000C)
    __rt_lib_shutdown                        0x0000c1b5   Thumb Code     0  libshutdown.o(.ARM.Collect$$libshutdown$$00000000)
    __rt_lib_shutdown_cpp_1                  0x0000c1b7   Thumb Code     0  libshutdown2.o(.ARM.Collect$$libshutdown$$00000002)
    __rt_lib_shutdown_fp_trap_1              0x0000c1b7   Thumb Code     0  libshutdown2.o(.ARM.Collect$$libshutdown$$00000007)
    __rt_lib_shutdown_heap_1                 0x0000c1b7   Thumb Code     0  libshutdown2.o(.ARM.Collect$$libshutdown$$0000000F)
    __rt_lib_shutdown_return                 0x0000c1b7   Thumb Code     0  libshutdown2.o(.ARM.Collect$$libshutdown$$00000010)
    __rt_lib_shutdown_signal_1               0x0000c1b7   Thumb Code     0  libshutdown2.o(.ARM.Collect$$libshutdown$$0000000A)
    __rt_lib_shutdown_stdio_1                0x0000c1b7   Thumb Code     0  libshutdown2.o(.ARM.Collect$$libshutdown$$00000004)
    __rt_lib_shutdown_user_alloc_1           0x0000c1b7   Thumb Code     0  libshutdown2.o(.ARM.Collect$$libshutdown$$0000000C)
    __rt_entry                               0x0000c1b9   Thumb Code     0  __rtentry.o(.ARM.Collect$$rtentry$$00000000)
    __rt_entry_presh_1                       0x0000c1b9   Thumb Code     0  __rtentry2.o(.ARM.Collect$$rtentry$$00000002)
    __rt_entry_sh                            0x0000c1b9   Thumb Code     0  __rtentry4.o(.ARM.Collect$$rtentry$$00000004)
    __rt_entry_li                            0x0000c1bf   Thumb Code     0  __rtentry2.o(.ARM.Collect$$rtentry$$0000000A)
    __rt_entry_postsh_1                      0x0000c1bf   Thumb Code     0  __rtentry2.o(.ARM.Collect$$rtentry$$00000009)
    __rt_entry_main                          0x0000c1c3   Thumb Code     0  __rtentry2.o(.ARM.Collect$$rtentry$$0000000D)
    __rt_entry_postli_1                      0x0000c1c3   Thumb Code     0  __rtentry2.o(.ARM.Collect$$rtentry$$0000000C)
    __rt_exit                                0x0000c1cb   Thumb Code     0  rtexit.o(.ARM.Collect$$rtexit$$00000000)
    __rt_exit_ls                             0x0000c1cd   Thumb Code     0  rtexit2.o(.ARM.Collect$$rtexit$$00000003)
    __rt_exit_prels_1                        0x0000c1cd   Thumb Code     0  rtexit2.o(.ARM.Collect$$rtexit$$00000002)
    __rt_exit_exit                           0x0000c1d1   Thumb Code     0  rtexit2.o(.ARM.Collect$$rtexit$$00000004)
    HardFault_Handler                        0x0000c1d9   Thumb Code    26  am_util_faultisr.o(.emb_text)
    getStackedReg                            0x0000c1f3   Thumb Code     8  am_util_faultisr.o(.emb_text)
    am_hal_interrupt_master_enable           0x0000c1fd   Thumb Code     8  am_hal_interrupt.o(.emb_text)
    am_hal_interrupt_master_disable          0x0000c205   Thumb Code     8  am_hal_interrupt.o(.emb_text)
    am_hal_interrupt_master_set              0x0000c20d   Thumb Code     6  am_hal_interrupt.o(.emb_text)
    __user_initial_stackheap                 0x0000c215   Thumb Code    10  startup_keil.o(.text)
    __aeabi_memcpy4                          0x0000c22d   Thumb Code     0  rt_memcpy_w.o(.text)
    __aeabi_memcpy8                          0x0000c22d   Thumb Code     0  rt_memcpy_w.o(.text)
    __rt_memcpy_w                            0x0000c22d   Thumb Code   100  rt_memcpy_w.o(.text)
    _memcpy_lastbytes_aligned                0x0000c275   Thumb Code     0  rt_memcpy_w.o(.text)
    __aeabi_memclr4                          0x0000c291   Thumb Code     0  rt_memclr_w.o(.text)
    __aeabi_memclr8                          0x0000c291   Thumb Code     0  rt_memclr_w.o(.text)
    __rt_memclr_w                            0x0000c291   Thumb Code    78  rt_memclr_w.o(.text)
    _memset_w                                0x0000c295   Thumb Code     0  rt_memclr_w.o(.text)
    __use_two_region_memory                  0x0000c2df   Thumb Code     2  heapauxi.o(.text)
    __rt_heap_escrow$2region                 0x0000c2e1   Thumb Code     2  heapauxi.o(.text)
    __rt_heap_expand$2region                 0x0000c2e3   Thumb Code     2  heapauxi.o(.text)
    __user_setup_stackheap                   0x0000c2e5   Thumb Code    74  sys_stackheap_outer.o(.text)
    exit                                     0x0000c32f   Thumb Code    18  exit.o(.text)
    __user_libspace                          0x0000c341   Thumb Code     8  libspace.o(.text)
    __user_perproc_libspace                  0x0000c341   Thumb Code     0  libspace.o(.text)
    __user_perthread_libspace                0x0000c341   Thumb Code     0  libspace.o(.text)
    _sys_exit                                0x0000c349   Thumb Code     8  sys_exit.o(.text)
    __I$use$semihosting                      0x0000c355   Thumb Code     0  use_no_semi.o(.text)
    __use_no_semihosting_swi                 0x0000c355   Thumb Code     2  use_no_semi.o(.text)
    __semihosting_library_function           0x0000c357   Thumb Code     0  indicate_semi.o(.text)
    am_bsp_itm_printf_enable                 0x0000c3bd   Thumb Code    44  am_bsp.o(i.am_bsp_itm_printf_enable)
    am_bsp_low_power_init                    0x0000c3f9   Thumb Code    58  am_bsp.o(i.am_bsp_low_power_init)
    am_bsp_mspi_pins_enable                  0x0000c43d   Thumb Code   472  am_bsp.o(i.am_bsp_mspi_pins_enable)
    am_device_command_read                   0x0000c641   Thumb Code    94  am_devices_mspi_flash.o(i.am_device_command_read)
    am_device_command_write                  0x0000c6b1   Thumb Code    92  am_devices_mspi_flash.o(i.am_device_command_write)
    am_device_deinit_flash                   0x0000c71d   Thumb Code    80  am_devices_mspi_flash.o(i.am_device_deinit_flash)
    am_device_init_flash                     0x0000c771   Thumb Code   620  am_devices_mspi_flash.o(i.am_device_init_flash)
    am_devices_mspi_flash_deinit             0x0000ca8d   Thumb Code   202  am_devices_mspi_flash.o(i.am_devices_mspi_flash_deinit)
    am_devices_mspi_flash_disable_xip        0x0000cb8d   Thumb Code    76  am_devices_mspi_flash.o(i.am_devices_mspi_flash_disable_xip)
    am_devices_mspi_flash_enable             0x0000cbe1   Thumb Code    54  am_devices_mspi_flash.o(i.am_devices_mspi_flash_enable)
    am_devices_mspi_flash_id                 0x0000cc1d   Thumb Code    56  am_devices_mspi_flash.o(i.am_devices_mspi_flash_id)
    am_devices_mspi_flash_init               0x0000cc6d   Thumb Code   544  am_devices_mspi_flash.o(i.am_devices_mspi_flash_init)
    am_devices_mspi_flash_mass_erase         0x0000cf31   Thumb Code   286  am_devices_mspi_flash.o(i.am_devices_mspi_flash_mass_erase)
    am_devices_mspi_flash_mode_switch        0x0000d075   Thumb Code   126  am_devices_mspi_flash.o(i.am_devices_mspi_flash_mode_switch)
    am_devices_mspi_flash_read               0x0000d101   Thumb Code   388  am_devices_mspi_flash.o(i.am_devices_mspi_flash_read)
    am_devices_mspi_flash_reset              0x0000d2c1   Thumb Code    34  am_devices_mspi_flash.o(i.am_devices_mspi_flash_reset)
    am_devices_mspi_flash_sector_erase       0x0000d2e9   Thumb Code   230  am_devices_mspi_flash.o(i.am_devices_mspi_flash_sector_erase)
    am_devices_mspi_flash_write              0x0000d3dd   Thumb Code   486  am_devices_mspi_flash.o(i.am_devices_mspi_flash_write)
    am_hal_cachectrl_control                 0x0000d5f1   Thumb Code   710  am_hal_cachectrl.o(i.am_hal_cachectrl_control)
    am_hal_clkgen_control                    0x0000d8c1   Thumb Code   232  am_hal_clkgen.o(i.am_hal_clkgen_control)
    am_hal_clkgen_status_get                 0x0000d9b9   Thumb Code    44  am_hal_clkgen.o(i.am_hal_clkgen_status_get)
    am_hal_cmdq_alloc_block                  0x0000d9ed   Thumb Code   200  am_hal_cmdq.o(i.am_hal_cmdq_alloc_block)
    am_hal_cmdq_disable                      0x0000dab9   Thumb Code    60  am_hal_cmdq.o(i.am_hal_cmdq_disable)
    am_hal_cmdq_enable                       0x0000daf9   Thumb Code    60  am_hal_cmdq.o(i.am_hal_cmdq_enable)
    am_hal_cmdq_error_resume                 0x0000db39   Thumb Code   112  am_hal_cmdq.o(i.am_hal_cmdq_error_resume)
    am_hal_cmdq_get_status                   0x0000dbad   Thumb Code   158  am_hal_cmdq.o(i.am_hal_cmdq_get_status)
    am_hal_cmdq_init                         0x0000dc51   Thumb Code   226  am_hal_cmdq.o(i.am_hal_cmdq_init)
    am_hal_cmdq_post_block                   0x0000dd41   Thumb Code    72  am_hal_cmdq.o(i.am_hal_cmdq_post_block)
    am_hal_cmdq_post_loop_block              0x0000dd8d   Thumb Code    86  am_hal_cmdq.o(i.am_hal_cmdq_post_loop_block)
    am_hal_cmdq_release_block                0x0000dde9   Thumb Code    50  am_hal_cmdq.o(i.am_hal_cmdq_release_block)
    am_hal_cmdq_reset                        0x0000de21   Thumb Code    94  am_hal_cmdq.o(i.am_hal_cmdq_reset)
    am_hal_cmdq_term                         0x0000de85   Thumb Code   132  am_hal_cmdq.o(i.am_hal_cmdq_term)
    am_hal_flash_delay                       0x0000df0d   Thumb Code    30  am_hal_flash.o(i.am_hal_flash_delay)
    am_hal_flash_delay_status_check          0x0000df31   Thumb Code    86  am_hal_flash.o(i.am_hal_flash_delay_status_check)
    am_hal_flash_load_ui32                   0x0000df8d   Thumb Code     4  am_hal_flash.o(i.am_hal_flash_load_ui32)
    am_hal_flash_store_ui32                  0x0000df95   Thumb Code    36  am_hal_flash.o(i.am_hal_flash_store_ui32)
    am_hal_gpio_pinconfig                    0x0000dfbd   Thumb Code   586  am_hal_gpio.o(i.am_hal_gpio_pinconfig)
    am_hal_gpio_state_write                  0x0000e23d   Thumb Code   128  am_hal_gpio.o(i.am_hal_gpio_state_write)
    am_hal_itm_enable                        0x0000e2bd   Thumb Code    44  am_hal_itm.o(i.am_hal_itm_enable)
    am_hal_itm_print                         0x0000e305   Thumb Code    48  am_hal_itm.o(i.am_hal_itm_print)
    am_hal_mcuctrl_control                   0x0000e335   Thumb Code   334  am_hal_mcuctrl.o(i.am_hal_mcuctrl_control)
    am_hal_mcuctrl_info_get                  0x0000e489   Thumb Code   278  am_hal_mcuctrl.o(i.am_hal_mcuctrl_info_get)
    am_hal_mspi_blocking_transfer            0x0000e5c1   Thumb Code   466  am_hal_mspi.o(i.am_hal_mspi_blocking_transfer)
    am_hal_mspi_control                      0x0000e7a5   Thumb Code  1476  am_hal_mspi.o(i.am_hal_mspi_control)
    am_hal_mspi_deinitialize                 0x0000ed75   Thumb Code   120  am_hal_mspi.o(i.am_hal_mspi_deinitialize)
    am_hal_mspi_device_configure             0x0000edf5   Thumb Code   500  am_hal_mspi.o(i.am_hal_mspi_device_configure)
    am_hal_mspi_disable                      0x0000eff9   Thumb Code    98  am_hal_mspi.o(i.am_hal_mspi_disable)
    am_hal_mspi_enable                       0x0000f065   Thumb Code   140  am_hal_mspi.o(i.am_hal_mspi_enable)
    am_hal_mspi_initialize                   0x0000f101   Thumb Code    54  am_hal_mspi.o(i.am_hal_mspi_initialize)
    am_hal_mspi_interrupt_clear              0x0000f141   Thumb Code    36  am_hal_mspi.o(i.am_hal_mspi_interrupt_clear)
    am_hal_mspi_interrupt_disable            0x0000f16d   Thumb Code    44  am_hal_mspi.o(i.am_hal_mspi_interrupt_disable)
    am_hal_mspi_interrupt_enable             0x0000f1a1   Thumb Code    42  am_hal_mspi.o(i.am_hal_mspi_interrupt_enable)
    am_hal_mspi_interrupt_service            0x0000f1d5   Thumb Code   620  am_hal_mspi.o(i.am_hal_mspi_interrupt_service)
    am_hal_mspi_interrupt_status_get         0x0000f44d   Thumb Code    52  am_hal_mspi.o(i.am_hal_mspi_interrupt_status_get)
    am_hal_mspi_nonblocking_transfer         0x0000f489   Thumb Code   286  am_hal_mspi.o(i.am_hal_mspi_nonblocking_transfer)
    am_hal_mspi_power_control                0x0000f5ad   Thumb Code   344  am_hal_mspi.o(i.am_hal_mspi_power_control)
    am_hal_pwrctrl_low_power_init            0x0000f70d   Thumb Code   236  am_hal_pwrctrl.o(i.am_hal_pwrctrl_low_power_init)
    am_hal_pwrctrl_periph_disable            0x0000f811   Thumb Code    70  am_hal_pwrctrl.o(i.am_hal_pwrctrl_periph_disable)
    am_hal_pwrctrl_periph_enable             0x0000f861   Thumb Code    72  am_hal_pwrctrl.o(i.am_hal_pwrctrl_periph_enable)
    am_hal_rtc_osc_disable                   0x0000f8b1   Thumb Code    18  am_hal_rtc.o(i.am_hal_rtc_osc_disable)
    am_hal_sysctrl_sleep                     0x0000f8c5   Thumb Code    82  am_hal_sysctrl.o(i.am_hal_sysctrl_sleep)
    am_hal_tpiu_enable                       0x0000f931   Thumb Code   122  am_hal_tpiu.o(i.am_hal_tpiu_enable)
    am_mspi0_isr                             0x0000f9c1   Thumb Code    48  am_devices_mspi_flash.o(i.am_mspi0_isr)
    am_util_delay_ms                         0x0000f9f9   Thumb Code    32  am_util_delay.o(i.am_util_delay_ms)
    am_util_delay_us                         0x0000fa19   Thumb Code    30  am_util_delay.o(i.am_util_delay_us)
    am_util_faultisr_collect_data            0x0000fa3d   Thumb Code   470  am_util_faultisr.o(i.am_util_faultisr_collect_data)
    am_util_stdio_printf                     0x0000ff21   Thumb Code    50  am_util_stdio.o(i.am_util_stdio_printf)
    am_util_stdio_printf_init                0x0000ff5d   Thumb Code     6  am_util_stdio.o(i.am_util_stdio_printf_init)
    am_util_stdio_terminal_clear             0x0000ff69   Thumb Code    10  am_util_stdio.o(i.am_util_stdio_terminal_clear)
    am_util_stdio_vsprintf                   0x0000ff89   Thumb Code   932  am_util_stdio.o(i.am_util_stdio_vsprintf)
    build_dma_cmdlist                        0x0001033d   Thumb Code   340  am_hal_mspi.o(i.build_dma_cmdlist)
    main                                     0x0001073d   Thumb Code   354  mspi_quad_example.o(i.main)
    pfnMSPI_FLASH_Callback                   0x00010c1d   Thumb Code     8  am_devices_mspi_flash.o(i.pfnMSPI_FLASH_Callback)
    __aeabi_d2f                              0x00010e25   Thumb Code     0  d2f.o(x$fpl$d2f)
    _d2f                                     0x00010e25   Thumb Code    98  d2f.o(x$fpl$d2f)
    __fpl_dnaninf                            0x00010e87   Thumb Code   156  dnaninf.o(x$fpl$dnaninf)
    _fp_init                                 0x00010f23   Thumb Code    10  fpinit.o(x$fpl$fpinit)
    __fplib_config_fpu_vfp                   0x00010f2b   Thumb Code     0  fpinit.o(x$fpl$fpinit)
    __fplib_config_pureend_doubles           0x00010f2b   Thumb Code     0  fpinit.o(x$fpl$fpinit)
    __fpl_fretinf                            0x00010f2d   Thumb Code    10  fretinf.o(x$fpl$fretinf)
    __I$use$fp                               0x00010f36   Number         0  usenofp.o(x$fpl$usenofp)
    MSPI_Flash_Serial_CE0_MSPIConfig         0x00010f38   Data          32  mspi_quad_example.o(.constdata)
    MSPI_Flash_Quad_CE0_MSPIConfig           0x00010f58   Data          32  mspi_quad_example.o(.constdata)
    g_AM_BSP_GPIO_GP23_HOLD                  0x00010f7c   Data           4  am_devices_mspi_flash.o(.constdata)
    g_AM_BSP_GPIO_GP4_WP                     0x00010f80   Data           4  am_devices_mspi_flash.o(.constdata)
    g_AM_BSP_GPIO_MSPI_CE0                   0x00010f84   Data           4  am_bsp_pins.o(.constdata)
    g_AM_BSP_GPIO_MSPI_CE1                   0x00010f88   Data           4  am_bsp_pins.o(.constdata)
    g_AM_BSP_GPIO_MSPI_D0                    0x00010f8c   Data           4  am_bsp_pins.o(.constdata)
    g_AM_BSP_GPIO_MSPI_D1                    0x00010f90   Data           4  am_bsp_pins.o(.constdata)
    g_AM_BSP_GPIO_MSPI_D2                    0x00010f94   Data           4  am_bsp_pins.o(.constdata)
    g_AM_BSP_GPIO_MSPI_D3                    0x00010f98   Data           4  am_bsp_pins.o(.constdata)
    g_AM_BSP_GPIO_MSPI_D4                    0x00010f9c   Data           4  am_bsp_pins.o(.constdata)
    g_AM_BSP_GPIO_MSPI_D5                    0x00010fa0   Data           4  am_bsp_pins.o(.constdata)
    g_AM_BSP_GPIO_MSPI_D6                    0x00010fa4   Data           4  am_bsp_pins.o(.constdata)
    g_AM_BSP_GPIO_MSPI_D7                    0x00010fa8   Data           4  am_bsp_pins.o(.constdata)
    g_AM_BSP_GPIO_MSPI_SCK                   0x00010fac   Data           4  am_bsp_pins.o(.constdata)
    g_AM_BSP_GPIO_ITM_SWO                    0x00010fb0   Data           4  am_bsp_pins.o(.constdata)
    g_AM_HAL_GPIO_DISABLE                    0x00010fc0   Data           4  am_hal_gpio.o(.constdata)
    g_AM_HAL_GPIO_OUTPUT                     0x00011124   Data           4  am_hal_gpio.o(.constdata)
    g_am_hal_mcuctrl_flash_size              0x00011128   Data          64  am_hal_mcuctrl.o(.constdata)
    g_am_hal_mcuctrl_sram_size               0x00011168   Data          64  am_hal_mcuctrl.o(.constdata)
    am_hal_pwrctrl_peripheral_control        0x000112e8   Data         180  am_hal_pwrctrl.o(.constdata)
    am_hal_pwrctrl_memory_control            0x0001139c   Data         360  am_hal_pwrctrl.o(.constdata)
    Region$$Table$$Base                      0x00011548   Number         0  anon$$obj.o(Region$$Table)
    Region$$Table$$Limit                     0x00011568   Number         0  anon$$obj.o(Region$$Table)
    g_pMSPIHandle                            0x10000000   Data           4  am_devices_mspi_flash.o(.data)
    g_MSPIDMAComplete                        0x10000004   Data           1  am_devices_mspi_flash.o(.data)
    g_MSPIInterruptStatus                    0x10000008   Data           4  am_devices_mspi_flash.o(.data)
    SerialCE0MSPIConfig                      0x1000000c   Data          32  am_devices_mspi_flash.o(.data)
    SerialCE1MSPIConfig                      0x1000002c   Data          32  am_devices_mspi_flash.o(.data)
    QuadPairedSerialMSPIConfig               0x1000004c   Data          32  am_devices_mspi_flash.o(.data)
    g_pfnCharPrint                           0x1000006c   Data           4  am_util_stdio.o(.data)
    g_ui32HALflags                           0x10000074   Data           4  am_hal_global.o(.data)
    am_bsp_psLEDs                            0x10000080   Data          40  am_bsp.o(.data)
    gAmHalResetStatus                        0x100000d4   Data           4  am_hal_reset.o(.data)
    DMATCBBuffer                             0x100000d8   Data       10240  mspi_quad_example.o(.bss)
    TestBuffer                               0x100028d8   Data        2048  mspi_quad_example.o(.bss)
    DummyBuffer                              0x100030d8   Data        1024  mspi_quad_example.o(.bss)
    g_SectorTXBuffer                         0x100034d8   Data        2112  mspi_quad_example.o(.bss)
    g_SectorRXBuffer                         0x10003d18   Data        2112  mspi_quad_example.o(.bss)
    g_psMSPISettings                         0x10004558   Data          32  am_devices_mspi_flash.o(.bss)
    g_PIOTransaction                         0x10004578   Data          24  am_devices_mspi_flash.o(.bss)
    g_PIOBuffer                              0x10004590   Data         128  am_devices_mspi_flash.o(.bss)
    g_MSPIState                              0x10004f10   Data        2200  am_hal_mspi.o(.bss)
    __libspace_start                         0x10005908   Data          96  libspace.o(.bss)
    __temporary_stack_top$libspace           0x10005968   Data           0  libspace.o(.bss)



==============================================================================

Memory Map of the image

  Image Entry point : 0x0000c139

  Load Region LR_1 (Base: 0x0000c000, Size: 0x00005640, Max: 0xffffffff, ABSOLUTE)

    Execution Region FLASH (Exec base: 0x0000c000, Load base: 0x0000c000, Size: 0x00005568, Max: 0x000f0000, ABSOLUTE)

    Exec Addr    Load Addr    Size         Type   Attr      Idx    E Section Name        Object

    0x0000c000   0x0000c000   0x00000138   Code   RO          653    RESET               startup_keil.o
    0x0000c138   0x0000c138   0x00000008   Code   RO         1315  * !!!main             c_w.l(__main.o)
    0x0000c140   0x0000c140   0x00000034   Code   RO         1479    !!!scatter          c_w.l(__scatter.o)
    0x0000c174   0x0000c174   0x0000001a   Code   RO         1481    !!handler_copy      c_w.l(__scatter_copy.o)
    0x0000c18e   0x0000c18e   0x00000002   PAD
    0x0000c190   0x0000c190   0x0000001c   Code   RO         1483    !!handler_zi        c_w.l(__scatter_zi.o)
    0x0000c1ac   0x0000c1ac   0x00000002   Code   RO         1349    .ARM.Collect$$libinit$$00000000  c_w.l(libinit.o)
    0x0000c1ae   0x0000c1ae   0x00000004   Code   RO         1355    .ARM.Collect$$libinit$$00000001  c_w.l(libinit2.o)
    0x0000c1b2   0x0000c1b2   0x00000000   Code   RO         1358    .ARM.Collect$$libinit$$00000004  c_w.l(libinit2.o)
    0x0000c1b2   0x0000c1b2   0x00000000   Code   RO         1361    .ARM.Collect$$libinit$$0000000A  c_w.l(libinit2.o)
    0x0000c1b2   0x0000c1b2   0x00000000   Code   RO         1363    .ARM.Collect$$libinit$$0000000C  c_w.l(libinit2.o)
    0x0000c1b2   0x0000c1b2   0x00000000   Code   RO         1365    .ARM.Collect$$libinit$$0000000E  c_w.l(libinit2.o)
    0x0000c1b2   0x0000c1b2   0x00000000   Code   RO         1368    .ARM.Collect$$libinit$$00000011  c_w.l(libinit2.o)
    0x0000c1b2   0x0000c1b2   0x00000000   Code   RO         1370    .ARM.Collect$$libinit$$00000013  c_w.l(libinit2.o)
    0x0000c1b2   0x0000c1b2   0x00000000   Code   RO         1372    .ARM.Collect$$libinit$$00000015  c_w.l(libinit2.o)
    0x0000c1b2   0x0000c1b2   0x00000000   Code   RO         1374    .ARM.Collect$$libinit$$00000017  c_w.l(libinit2.o)
    0x0000c1b2   0x0000c1b2   0x00000000   Code   RO         1376    .ARM.Collect$$libinit$$00000019  c_w.l(libinit2.o)
    0x0000c1b2   0x0000c1b2   0x00000000   Code   RO         1378    .ARM.Collect$$libinit$$0000001B  c_w.l(libinit2.o)
    0x0000c1b2   0x0000c1b2   0x00000000   Code   RO         1380    .ARM.Collect$$libinit$$0000001D  c_w.l(libinit2.o)
    0x0000c1b2   0x0000c1b2   0x00000000   Code   RO         1382    .ARM.Collect$$libinit$$0000001F  c_w.l(libinit2.o)
    0x0000c1b2   0x0000c1b2   0x00000000   Code   RO         1384    .ARM.Collect$$libinit$$00000021  c_w.l(libinit2.o)
    0x0000c1b2   0x0000c1b2   0x00000000   Code   RO         1386    .ARM.Collect$$libinit$$00000023  c_w.l(libinit2.o)
    0x0000c1b2   0x0000c1b2   0x00000000   Code   RO         1388    .ARM.Collect$$libinit$$00000025  c_w.l(libinit2.o)
    0x0000c1b2   0x0000c1b2   0x00000000   Code   RO         1392    .ARM.Collect$$libinit$$0000002C  c_w.l(libinit2.o)
    0x0000c1b2   0x0000c1b2   0x00000000   Code   RO         1394    .ARM.Collect$$libinit$$0000002E  c_w.l(libinit2.o)
    0x0000c1b2   0x0000c1b2   0x00000000   Code   RO         1396    .ARM.Collect$$libinit$$00000030  c_w.l(libinit2.o)
    0x0000c1b2   0x0000c1b2   0x00000000   Code   RO         1398    .ARM.Collect$$libinit$$00000032  c_w.l(libinit2.o)
    0x0000c1b2   0x0000c1b2   0x00000002   Code   RO         1399    .ARM.Collect$$libinit$$00000033  c_w.l(libinit2.o)
    0x0000c1b4   0x0000c1b4   0x00000002   Code   RO         1419    .ARM.Collect$$libshutdown$$00000000  c_w.l(libshutdown.o)
    0x0000c1b6   0x0000c1b6   0x00000000   Code   RO         1432    .ARM.Collect$$libshutdown$$00000002  c_w.l(libshutdown2.o)
    0x0000c1b6   0x0000c1b6   0x00000000   Code   RO         1434    .ARM.Collect$$libshutdown$$00000004  c_w.l(libshutdown2.o)
    0x0000c1b6   0x0000c1b6   0x00000000   Code   RO         1437    .ARM.Collect$$libshutdown$$00000007  c_w.l(libshutdown2.o)
    0x0000c1b6   0x0000c1b6   0x00000000   Code   RO         1440    .ARM.Collect$$libshutdown$$0000000A  c_w.l(libshutdown2.o)
    0x0000c1b6   0x0000c1b6   0x00000000   Code   RO         1442    .ARM.Collect$$libshutdown$$0000000C  c_w.l(libshutdown2.o)
    0x0000c1b6   0x0000c1b6   0x00000000   Code   RO         1445    .ARM.Collect$$libshutdown$$0000000F  c_w.l(libshutdown2.o)
    0x0000c1b6   0x0000c1b6   0x00000002   Code   RO         1446    .ARM.Collect$$libshutdown$$00000010  c_w.l(libshutdown2.o)
    0x0000c1b8   0x0000c1b8   0x00000000   Code   RO         1319    .ARM.Collect$$rtentry$$00000000  c_w.l(__rtentry.o)
    0x0000c1b8   0x0000c1b8   0x00000000   Code   RO         1326    .ARM.Collect$$rtentry$$00000002  c_w.l(__rtentry2.o)
    0x0000c1b8   0x0000c1b8   0x00000006   Code   RO         1338    .ARM.Collect$$rtentry$$00000004  c_w.l(__rtentry4.o)
    0x0000c1be   0x0000c1be   0x00000000   Code   RO         1328    .ARM.Collect$$rtentry$$00000009  c_w.l(__rtentry2.o)
    0x0000c1be   0x0000c1be   0x00000004   Code   RO         1329    .ARM.Collect$$rtentry$$0000000A  c_w.l(__rtentry2.o)
    0x0000c1c2   0x0000c1c2   0x00000000   Code   RO         1331    .ARM.Collect$$rtentry$$0000000C  c_w.l(__rtentry2.o)
    0x0000c1c2   0x0000c1c2   0x00000008   Code   RO         1332    .ARM.Collect$$rtentry$$0000000D  c_w.l(__rtentry2.o)
    0x0000c1ca   0x0000c1ca   0x00000002   Code   RO         1353    .ARM.Collect$$rtexit$$00000000  c_w.l(rtexit.o)
    0x0000c1cc   0x0000c1cc   0x00000000   Code   RO         1401    .ARM.Collect$$rtexit$$00000002  c_w.l(rtexit2.o)
    0x0000c1cc   0x0000c1cc   0x00000004   Code   RO         1402    .ARM.Collect$$rtexit$$00000003  c_w.l(rtexit2.o)
    0x0000c1d0   0x0000c1d0   0x00000006   Code   RO         1403    .ARM.Collect$$rtexit$$00000004  c_w.l(rtexit2.o)
    0x0000c1d6   0x0000c1d6   0x00000002   PAD
    0x0000c1d8   0x0000c1d8   0x00000022   Code   RO          524    .emb_text           am_util_faultisr.o
    0x0000c1fa   0x0000c1fa   0x00000002   PAD
    0x0000c1fc   0x0000c1fc   0x00000016   Code   RO          936    .emb_text           libam_hal.lib(am_hal_interrupt.o)
    0x0000c212   0x0000c212   0x00000002   PAD
    0x0000c214   0x0000c214   0x00000018   Code   RO          654    .text               startup_keil.o
    0x0000c22c   0x0000c22c   0x00000064   Code   RO         1309    .text               c_w.l(rt_memcpy_w.o)
    0x0000c290   0x0000c290   0x0000004e   Code   RO         1311    .text               c_w.l(rt_memclr_w.o)
    0x0000c2de   0x0000c2de   0x00000006   Code   RO         1313    .text               c_w.l(heapauxi.o)
    0x0000c2e4   0x0000c2e4   0x0000004a   Code   RO         1340    .text               c_w.l(sys_stackheap_outer.o)
    0x0000c32e   0x0000c32e   0x00000012   Code   RO         1342    .text               c_w.l(exit.o)
    0x0000c340   0x0000c340   0x00000008   Code   RO         1350    .text               c_w.l(libspace.o)
    0x0000c348   0x0000c348   0x0000000c   Code   RO         1411    .text               c_w.l(sys_exit.o)
    0x0000c354   0x0000c354   0x00000002   Code   RO         1422    .text               c_w.l(use_no_semi.o)
    0x0000c356   0x0000c356   0x00000000   Code   RO         1424    .text               c_w.l(indicate_semi.o)
    0x0000c356   0x0000c356   0x00000002   PAD
    0x0000c358   0x0000c358   0x00000024   Code   RO          316    i.ConfigGP23AsGpioOutputForPullHighHoldPin  am_devices_mspi_flash.o
    0x0000c37c   0x0000c37c   0x00000024   Code   RO          317    i.ConfigGP4AsGpioOutputForPullHighWPPin  am_devices_mspi_flash.o
    0x0000c3a0   0x0000c3a0   0x0000001a   Code   RO          318    i.__NVIC_EnableIRQ  am_devices_mspi_flash.o
    0x0000c3ba   0x0000c3ba   0x00000002   PAD
    0x0000c3bc   0x0000c3bc   0x0000003c   Code   RO          683    i.am_bsp_itm_printf_enable  libam_bsp.lib(am_bsp.o)
    0x0000c3f8   0x0000c3f8   0x00000044   Code   RO          684    i.am_bsp_low_power_init  libam_bsp.lib(am_bsp.o)
    0x0000c43c   0x0000c43c   0x00000204   Code   RO          686    i.am_bsp_mspi_pins_enable  libam_bsp.lib(am_bsp.o)
    0x0000c640   0x0000c640   0x00000070   Code   RO          319    i.am_device_command_read  am_devices_mspi_flash.o
    0x0000c6b0   0x0000c6b0   0x0000006c   Code   RO          320    i.am_device_command_write  am_devices_mspi_flash.o
    0x0000c71c   0x0000c71c   0x00000054   Code   RO          321    i.am_device_deinit_flash  am_devices_mspi_flash.o
    0x0000c770   0x0000c770   0x0000031c   Code   RO          322    i.am_device_init_flash  am_devices_mspi_flash.o
    0x0000ca8c   0x0000ca8c   0x00000100   Code   RO          323    i.am_devices_mspi_flash_deinit  am_devices_mspi_flash.o
    0x0000cb8c   0x0000cb8c   0x00000054   Code   RO          324    i.am_devices_mspi_flash_disable_xip  am_devices_mspi_flash.o
    0x0000cbe0   0x0000cbe0   0x0000003c   Code   RO          325    i.am_devices_mspi_flash_enable  am_devices_mspi_flash.o
    0x0000cc1c   0x0000cc1c   0x00000050   Code   RO          326    i.am_devices_mspi_flash_id  am_devices_mspi_flash.o
    0x0000cc6c   0x0000cc6c   0x000002c4   Code   RO          327    i.am_devices_mspi_flash_init  am_devices_mspi_flash.o
    0x0000cf30   0x0000cf30   0x00000144   Code   RO          328    i.am_devices_mspi_flash_mass_erase  am_devices_mspi_flash.o
    0x0000d074   0x0000d074   0x0000008c   Code   RO          329    i.am_devices_mspi_flash_mode_switch  am_devices_mspi_flash.o
    0x0000d100   0x0000d100   0x000001c0   Code   RO          330    i.am_devices_mspi_flash_read  am_devices_mspi_flash.o
    0x0000d2c0   0x0000d2c0   0x00000028   Code   RO          333    i.am_devices_mspi_flash_reset  am_devices_mspi_flash.o
    0x0000d2e8   0x0000d2e8   0x000000f4   Code   RO          334    i.am_devices_mspi_flash_sector_erase  am_devices_mspi_flash.o
    0x0000d3dc   0x0000d3dc   0x00000214   Code   RO          336    i.am_devices_mspi_flash_write  am_devices_mspi_flash.o
    0x0000d5f0   0x0000d5f0   0x000002d0   Code   RO         1278    i.am_hal_cachectrl_control  libam_hal.lib(am_hal_cachectrl.o)
    0x0000d8c0   0x0000d8c0   0x000000f8   Code   RO          800    i.am_hal_clkgen_control  libam_hal.lib(am_hal_clkgen.o)
    0x0000d9b8   0x0000d9b8   0x00000034   Code   RO          806    i.am_hal_clkgen_status_get  libam_hal.lib(am_hal_clkgen.o)
    0x0000d9ec   0x0000d9ec   0x000000cc   Code   RO         1084    i.am_hal_cmdq_alloc_block  libam_hal.lib(am_hal_cmdq.o)
    0x0000dab8   0x0000dab8   0x00000040   Code   RO         1085    i.am_hal_cmdq_disable  libam_hal.lib(am_hal_cmdq.o)
    0x0000daf8   0x0000daf8   0x00000040   Code   RO         1086    i.am_hal_cmdq_enable  libam_hal.lib(am_hal_cmdq.o)
    0x0000db38   0x0000db38   0x00000074   Code   RO         1087    i.am_hal_cmdq_error_resume  libam_hal.lib(am_hal_cmdq.o)
    0x0000dbac   0x0000dbac   0x000000a4   Code   RO         1088    i.am_hal_cmdq_get_status  libam_hal.lib(am_hal_cmdq.o)
    0x0000dc50   0x0000dc50   0x000000f0   Code   RO         1089    i.am_hal_cmdq_init  libam_hal.lib(am_hal_cmdq.o)
    0x0000dd40   0x0000dd40   0x0000004c   Code   RO         1091    i.am_hal_cmdq_post_block  libam_hal.lib(am_hal_cmdq.o)
    0x0000dd8c   0x0000dd8c   0x0000005c   Code   RO         1092    i.am_hal_cmdq_post_loop_block  libam_hal.lib(am_hal_cmdq.o)
    0x0000dde8   0x0000dde8   0x00000038   Code   RO         1093    i.am_hal_cmdq_release_block  libam_hal.lib(am_hal_cmdq.o)
    0x0000de20   0x0000de20   0x00000064   Code   RO         1094    i.am_hal_cmdq_reset  libam_hal.lib(am_hal_cmdq.o)
    0x0000de84   0x0000de84   0x00000088   Code   RO         1095    i.am_hal_cmdq_term  libam_hal.lib(am_hal_cmdq.o)
    0x0000df0c   0x0000df0c   0x00000024   Code   RO          827    i.am_hal_flash_delay  libam_hal.lib(am_hal_flash.o)
    0x0000df30   0x0000df30   0x0000005c   Code   RO          829    i.am_hal_flash_delay_status_check  libam_hal.lib(am_hal_flash.o)
    0x0000df8c   0x0000df8c   0x00000008   Code   RO          838    i.am_hal_flash_load_ui32  libam_hal.lib(am_hal_flash.o)
    0x0000df94   0x0000df94   0x00000028   Code   RO          844    i.am_hal_flash_store_ui32  libam_hal.lib(am_hal_flash.o)
    0x0000dfbc   0x0000dfbc   0x00000280   Code   RO          903    i.am_hal_gpio_pinconfig  libam_hal.lib(am_hal_gpio.o)
    0x0000e23c   0x0000e23c   0x00000080   Code   RO          905    i.am_hal_gpio_state_write  libam_hal.lib(am_hal_gpio.o)
    0x0000e2bc   0x0000e2bc   0x00000048   Code   RO         1117    i.am_hal_itm_enable  libam_hal.lib(am_hal_itm.o)
    0x0000e304   0x0000e304   0x00000030   Code   RO         1119    i.am_hal_itm_print  libam_hal.lib(am_hal_itm.o)
    0x0000e334   0x0000e334   0x00000154   Code   RO         1005    i.am_hal_mcuctrl_control  libam_hal.lib(am_hal_mcuctrl.o)
    0x0000e488   0x0000e488   0x00000138   Code   RO         1006    i.am_hal_mcuctrl_info_get  libam_hal.lib(am_hal_mcuctrl.o)
    0x0000e5c0   0x0000e5c0   0x000001e4   Code   RO         1018    i.am_hal_mspi_blocking_transfer  libam_hal.lib(am_hal_mspi.o)
    0x0000e7a4   0x0000e7a4   0x000005d0   Code   RO         1020    i.am_hal_mspi_control  libam_hal.lib(am_hal_mspi.o)
    0x0000ed74   0x0000ed74   0x00000080   Code   RO         1021    i.am_hal_mspi_deinitialize  libam_hal.lib(am_hal_mspi.o)
    0x0000edf4   0x0000edf4   0x00000204   Code   RO         1022    i.am_hal_mspi_device_configure  libam_hal.lib(am_hal_mspi.o)
    0x0000eff8   0x0000eff8   0x0000006c   Code   RO         1023    i.am_hal_mspi_disable  libam_hal.lib(am_hal_mspi.o)
    0x0000f064   0x0000f064   0x0000009c   Code   RO         1024    i.am_hal_mspi_enable  libam_hal.lib(am_hal_mspi.o)
    0x0000f100   0x0000f100   0x00000040   Code   RO         1026    i.am_hal_mspi_initialize  libam_hal.lib(am_hal_mspi.o)
    0x0000f140   0x0000f140   0x0000002c   Code   RO         1027    i.am_hal_mspi_interrupt_clear  libam_hal.lib(am_hal_mspi.o)
    0x0000f16c   0x0000f16c   0x00000034   Code   RO         1028    i.am_hal_mspi_interrupt_disable  libam_hal.lib(am_hal_mspi.o)
    0x0000f1a0   0x0000f1a0   0x00000034   Code   RO         1029    i.am_hal_mspi_interrupt_enable  libam_hal.lib(am_hal_mspi.o)
    0x0000f1d4   0x0000f1d4   0x00000278   Code   RO         1030    i.am_hal_mspi_interrupt_service  libam_hal.lib(am_hal_mspi.o)
    0x0000f44c   0x0000f44c   0x0000003c   Code   RO         1031    i.am_hal_mspi_interrupt_status_get  libam_hal.lib(am_hal_mspi.o)
    0x0000f488   0x0000f488   0x00000124   Code   RO         1032    i.am_hal_mspi_nonblocking_transfer  libam_hal.lib(am_hal_mspi.o)
    0x0000f5ac   0x0000f5ac   0x00000160   Code   RO         1033    i.am_hal_mspi_power_control  libam_hal.lib(am_hal_mspi.o)
    0x0000f70c   0x0000f70c   0x00000104   Code   RO         1146    i.am_hal_pwrctrl_low_power_init  libam_hal.lib(am_hal_pwrctrl.o)
    0x0000f810   0x0000f810   0x00000050   Code   RO         1148    i.am_hal_pwrctrl_periph_disable  libam_hal.lib(am_hal_pwrctrl.o)
    0x0000f860   0x0000f860   0x00000050   Code   RO         1149    i.am_hal_pwrctrl_periph_enable  libam_hal.lib(am_hal_pwrctrl.o)
    0x0000f8b0   0x0000f8b0   0x00000012   Code   RO         1193    i.am_hal_rtc_osc_disable  libam_hal.lib(am_hal_rtc.o)
    0x0000f8c2   0x0000f8c2   0x00000002   PAD
    0x0000f8c4   0x0000f8c4   0x0000006c   Code   RO         1070    i.am_hal_sysctrl_sleep  libam_hal.lib(am_hal_sysctrl.o)
    0x0000f930   0x0000f930   0x00000090   Code   RO         1224    i.am_hal_tpiu_enable  libam_hal.lib(am_hal_tpiu.o)
    0x0000f9c0   0x0000f9c0   0x00000038   Code   RO          338    i.am_mspi0_isr      am_devices_mspi_flash.o
    0x0000f9f8   0x0000f9f8   0x00000020   Code   RO          489    i.am_util_delay_ms  am_util_delay.o
    0x0000fa18   0x0000fa18   0x00000024   Code   RO          490    i.am_util_delay_us  am_util_delay.o
    0x0000fa3c   0x0000fa3c   0x000004e4   Code   RO          525    i.am_util_faultisr_collect_data  am_util_faultisr.o
    0x0000ff20   0x0000ff20   0x0000003c   Code   RO          549    i.am_util_stdio_printf  am_util_stdio.o
    0x0000ff5c   0x0000ff5c   0x0000000c   Code   RO          550    i.am_util_stdio_printf_init  am_util_stdio.o
    0x0000ff68   0x0000ff68   0x00000020   Code   RO          553    i.am_util_stdio_terminal_clear  am_util_stdio.o
    0x0000ff88   0x0000ff88   0x000003b4   Code   RO          555    i.am_util_stdio_vsprintf  am_util_stdio.o
    0x0001033c   0x0001033c   0x00000178   Code   RO         1035    i.build_dma_cmdlist  libam_hal.lib(am_hal_mspi.o)
    0x000104b4   0x000104b4   0x00000042   Code   RO          556    i.decstr_to_int     am_util_stdio.o
    0x000104f6   0x000104f6   0x000000cc   Code   RO          557    i.divu64_10         am_util_stdio.o
    0x000105c2   0x000105c2   0x00000002   PAD
    0x000105c4   0x000105c4   0x00000178   Code   RO          558    i.ftoa              am_util_stdio.o
    0x0001073c   0x0001073c   0x0000040c   Code   RO            5    i.main              mspi_quad_example.o
    0x00010b48   0x00010b48   0x00000020   Code   RO         1036    i.mspi_seq_loopback  libam_hal.lib(am_hal_mspi.o)
    0x00010b68   0x00010b68   0x00000034   Code   RO          559    i.ndigits_in_hex    am_util_stdio.o
    0x00010b9c   0x00010b9c   0x00000024   Code   RO          560    i.ndigits_in_i64    am_util_stdio.o
    0x00010bc0   0x00010bc0   0x0000003a   Code   RO          561    i.ndigits_in_u64    am_util_stdio.o
    0x00010bfa   0x00010bfa   0x00000022   Code   RO          562    i.padbuffer         am_util_stdio.o
    0x00010c1c   0x00010c1c   0x0000000c   Code   RO          339    i.pfnMSPI_FLASH_Callback  am_devices_mspi_flash.o
    0x00010c28   0x00010c28   0x000000e8   Code   RO         1037    i.sched_hiprio      libam_hal.lib(am_hal_mspi.o)
    0x00010d10   0x00010d10   0x00000018   Code   RO          563    i.simple_strlen     am_util_stdio.o
    0x00010d28   0x00010d28   0x0000008a   Code   RO          564    i.uint64_to_hexstr  am_util_stdio.o
    0x00010db2   0x00010db2   0x00000070   Code   RO          565    i.uint64_to_str     am_util_stdio.o
    0x00010e22   0x00010e22   0x00000002   PAD
    0x00010e24   0x00010e24   0x00000062   Code   RO         1317    x$fpl$d2f           fz_wm.l(d2f.o)
    0x00010e86   0x00010e86   0x0000009c   Code   RO         1320    x$fpl$dnaninf       fz_wm.l(dnaninf.o)
    0x00010f22   0x00010f22   0x0000000a   Code   RO         1409    x$fpl$fpinit        fz_wm.l(fpinit.o)
    0x00010f2c   0x00010f2c   0x0000000a   Code   RO         1322    x$fpl$fretinf       fz_wm.l(fretinf.o)
    0x00010f36   0x00010f36   0x00000000   Code   RO         1324    x$fpl$usenofp       fz_wm.l(usenofp.o)
    0x00010f36   0x00010f36   0x00000002   PAD
    0x00010f38   0x00010f38   0x00000040   Data   RO            7    .constdata          mspi_quad_example.o
    0x00010f78   0x00010f78   0x0000000c   Data   RO          341    .constdata          am_devices_mspi_flash.o
    0x00010f84   0x00010f84   0x00000004   Data   RO          772    .constdata          libam_bsp.lib(am_bsp_pins.o)
    0x00010f88   0x00010f88   0x00000004   Data   RO          773    .constdata          libam_bsp.lib(am_bsp_pins.o)
    0x00010f8c   0x00010f8c   0x00000004   Data   RO          774    .constdata          libam_bsp.lib(am_bsp_pins.o)
    0x00010f90   0x00010f90   0x00000004   Data   RO          775    .constdata          libam_bsp.lib(am_bsp_pins.o)
    0x00010f94   0x00010f94   0x00000004   Data   RO          776    .constdata          libam_bsp.lib(am_bsp_pins.o)
    0x00010f98   0x00010f98   0x00000004   Data   RO          777    .constdata          libam_bsp.lib(am_bsp_pins.o)
    0x00010f9c   0x00010f9c   0x00000004   Data   RO          778    .constdata          libam_bsp.lib(am_bsp_pins.o)
    0x00010fa0   0x00010fa0   0x00000004   Data   RO          779    .constdata          libam_bsp.lib(am_bsp_pins.o)
    0x00010fa4   0x00010fa4   0x00000004   Data   RO          780    .constdata          libam_bsp.lib(am_bsp_pins.o)
    0x00010fa8   0x00010fa8   0x00000004   Data   RO          781    .constdata          libam_bsp.lib(am_bsp_pins.o)
    0x00010fac   0x00010fac   0x00000004   Data   RO          782    .constdata          libam_bsp.lib(am_bsp_pins.o)
    0x00010fb0   0x00010fb0   0x00000004   Data   RO          789    .constdata          libam_bsp.lib(am_bsp_pins.o)
    0x00010fb4   0x00010fb4   0x0000000c   Data   RO          856    .constdata          libam_hal.lib(am_hal_flash.o)
    0x00010fc0   0x00010fc0   0x00000162   Data   RO          907    .constdata          libam_hal.lib(am_hal_gpio.o)
    0x00011122   0x00011122   0x00000002   PAD
    0x00011124   0x00011124   0x00000004   Data   RO          915    .constdata          libam_hal.lib(am_hal_gpio.o)
    0x00011128   0x00011128   0x00000080   Data   RO         1008    .constdata          libam_hal.lib(am_hal_mcuctrl.o)
    0x000111a8   0x000111a8   0x00000140   Data   RO         1097    .constdata          libam_hal.lib(am_hal_cmdq.o)
    0x000112e8   0x000112e8   0x0000021c   Data   RO         1151    .constdata          libam_hal.lib(am_hal_pwrctrl.o)
    0x00011504   0x00011504   0x00000044   Data   RO          342    .conststring        am_devices_mspi_flash.o
    0x00011548   0x00011548   0x00000020   Data   RO         1477    Region$$Table       anon$$obj.o


    Execution Region SRAM (Exec base: 0x10000000, Load base: 0x00011568, Size: 0x00006968, Max: 0x00060000, ABSOLUTE)

    Exec Addr    Load Addr    Size         Type   Attr      Idx    E Section Name        Object

    0x10000000   0x00011568   0x0000006c   Data   RW          343    .data               am_devices_mspi_flash.o
    0x1000006c   0x000115d4   0x00000005   Data   RW          567    .data               am_util_stdio.o
    0x10000071   0x000115d9   0x00000003   PAD
    0x10000074   0x000115dc   0x00000004   Data   RW          666    .data               libam_hal.lib(am_hal_global.o)
    0x10000078   0x000115e0   0x00000058   Data   RW          694    .data               libam_bsp.lib(am_bsp.o)
    0x100000d0   0x00011638   0x00000004   Data   RW         1071    .data               libam_hal.lib(am_hal_sysctrl.o)
    0x100000d4   0x0001163c   0x00000004   Data   RW         1170    .data               libam_hal.lib(am_hal_reset.o)
    0x100000d8        -       0x00004480   Zero   RW            6    .bss                mspi_quad_example.o
    0x10004558        -       0x000000b8   Zero   RW          340    .bss                am_devices_mspi_flash.o
    0x10004610        -       0x00000100   Zero   RW          566    .bss                am_util_stdio.o
    0x10004710        -       0x00000400   Zero   RW          691    .bss                libam_bsp.lib(am_bsp.o)
    0x10004b10        -       0x00000400   Zero   RW          692    .bss                libam_bsp.lib(am_bsp.o)
    0x10004f10        -       0x00000898   Zero   RW         1038    .bss                libam_hal.lib(am_hal_mspi.o)
    0x100057a8        -       0x00000160   Zero   RW         1096    .bss                libam_hal.lib(am_hal_cmdq.o)
    0x10005908        -       0x00000060   Zero   RW         1351    .bss                c_w.l(libspace.o)
    0x10005968        -       0x00000000   Zero   RW          652    HEAP                startup_keil.o
    0x10005968        -       0x00001000   Zero   RW          651    STACK               startup_keil.o


==============================================================================

Image component sizes


      Code (inc. data)   RO Data    RW Data    ZI Data      Debug   Object Name

      4182        704         80        108        184      50123   am_devices_mspi_flash.o
        68          6          0          0          0       1382   am_util_delay.o
      1286        782          0          0          0       2260   am_util_faultisr.o
      2152         60          0          5        256      13100   am_util_stdio.o
      1036        682         64          0      17536     466519   mspi_quad_example.o
       336        276          0          0       4096       1296   startup_keil.o

    ----------------------------------------------------------------------
      9068       2510        176        116      22072     534680   Object Totals
         0          0         32          0          0          0   (incl. Generated)
         8          0          0          3          0          0   (incl. Padding)

    ----------------------------------------------------------------------

      Code (inc. data)   RO Data    RW Data    ZI Data      Debug   Library Member Name

         8          0          0          0          0         68   __main.o
         0          0          0          0          0          0   __rtentry.o
        12          0          0          0          0          0   __rtentry2.o
         6          0          0          0          0          0   __rtentry4.o
        52          8          0          0          0          0   __scatter.o
        26          0          0          0          0          0   __scatter_copy.o
        28          0          0          0          0          0   __scatter_zi.o
        18          0          0          0          0         80   exit.o
         6          0          0          0          0        152   heapauxi.o
         0          0          0          0          0          0   indicate_semi.o
         2          0          0          0          0          0   libinit.o
         6          0          0          0          0          0   libinit2.o
         2          0          0          0          0          0   libshutdown.o
         2          0          0          0          0          0   libshutdown2.o
         8          4          0          0         96         68   libspace.o
        78          0          0          0          0         80   rt_memclr_w.o
       100          0          0          0          0         80   rt_memcpy_w.o
         2          0          0          0          0          0   rtexit.o
        10          0          0          0          0          0   rtexit2.o
        12          4          0          0          0         68   sys_exit.o
        74          0          0          0          0         80   sys_stackheap_outer.o
         2          0          0          0          0         68   use_no_semi.o
        98          4          0          0          0        140   d2f.o
       156          4          0          0          0        140   dnaninf.o
        10          0          0          0          0        116   fpinit.o
        10          0          0          0          0        116   fretinf.o
         0          0          0          0          0          0   usenofp.o
       644         86          0         88       2048        432   am_bsp.o
         0          0         48          0          0          0   am_bsp_pins.o
       720         28          0          0          0        128   am_hal_cachectrl.o
       300         34          0          0          0        240   am_hal_clkgen.o
      1312         62        320          0        352       1340   am_hal_cmdq.o
       176         20         12          0          0        496   am_hal_flash.o
         0          0          0          4          0          0   am_hal_global.o
       768         60        358          0          0        312   am_hal_gpio.o
        22          0          0          0          0        148   am_hal_interrupt.o
       120         28          0          0          0        232   am_hal_itm.o
       652         78        128          0          0        248   am_hal_mcuctrl.o
      5068        272          0          0       2200       2384   am_hal_mspi.o
       420         42        540          0          0        400   am_hal_pwrctrl.o
         0          0          0          4          0          0   am_hal_reset.o
        18          0          0          0          0        116   am_hal_rtc.o
       108         26          0          4          0        132   am_hal_sysctrl.o
       144         22          0          0          0        140   am_hal_tpiu.o

    ----------------------------------------------------------------------
     11212        782       1408        100       4696       8004   Library Totals
        12          0          2          0          0          0   (incl. Padding)

    ----------------------------------------------------------------------

      Code (inc. data)   RO Data    RW Data    ZI Data      Debug   Library Name

       454         16          0          0         96        744   c_w.l
       274          8          0          0          0        512   fz_wm.l
       644         86         48         88       2048        432   libam_bsp.lib
      9828        672       1358         12       2552       6316   libam_hal.lib

    ----------------------------------------------------------------------
     11212        782       1408        100       4696       8004   Library Totals

    ----------------------------------------------------------------------

==============================================================================


      Code (inc. data)   RO Data    RW Data    ZI Data      Debug   

     20280       3292       1584        216      26768     533624   Grand Totals
     20280       3292       1584        216      26768     533624   ELF Image Totals
     20280       3292       1584        216          0          0   ROM Totals

==============================================================================

    Total RO  Size (Code + RO Data)                21864 (  21.35kB)
    Total RW  Size (RW Data + ZI Data)             26984 (  26.35kB)
    Total ROM Size (Code + RO Data + RW Data)      22080 (  21.56kB)

==============================================================================

